Component: ARM Compiler 6.16 Tool: armlink [5dfeaa00]

==============================================================================

Section Cross References

    system_m460.o(.text.SystemCoreClockUpdate) refers to clk.o(.text.CLK_GetPLLClockFreq) for CLK_GetPLLClockFreq
    system_m460.o(.text.SystemCoreClockUpdate) refers to system_m460.o(.data.PllClock) for PllClock
    system_m460.o(.text.SystemCoreClockUpdate) refers to system_m460.o(.data.gau32ClkSrcTbl) for gau32ClkSrcTbl
    system_m460.o(.text.SystemCoreClockUpdate) refers to system_m460.o(.data.SystemCoreClock) for SystemCoreClock
    system_m460.o(.text.SystemCoreClockUpdate) refers to system_m460.o(.data.CyclesPerUs) for CyclesPerUs
    system_m460.o(.ARM.exidx.text.SystemCoreClockUpdate) refers to system_m460.o(.text.SystemCoreClockUpdate) for [Anonymous Symbol]
    system_m460.o(.text.SystemInit) refers to system_m460.o(.text.SYS_UnlockReg) for SYS_UnlockReg
    system_m460.o(.ARM.exidx.text.SystemInit) refers to system_m460.o(.text.SystemInit) for [Anonymous Symbol]
    system_m460.o(.text.SYS_UnlockReg) refers to system_m460.o(.data.SystemCoreClock) for SystemCoreClock
    system_m460.o(.ARM.exidx.text.SYS_UnlockReg) refers to system_m460.o(.text.SYS_UnlockReg) for [Anonymous Symbol]
    startup_m460.o(STACK) refers (Special) to heapauxi.o(.text) for __use_two_region_memory
    startup_m460.o(HEAP) refers (Special) to heapauxi.o(.text) for __use_two_region_memory
    startup_m460.o(RESET) refers (Special) to heapauxi.o(.text) for __use_two_region_memory
    startup_m460.o(RESET) refers to startup_m460.o(STACK) for __initial_sp
    startup_m460.o(RESET) refers to startup_m460.o(.text) for Reset_Handler
    startup_m460.o(RESET) refers to main.o(.text.SysTick_Handler) for SysTick_Handler
    startup_m460.o(RESET) refers to main.o(.text.TMR0_IRQHandler) for TMR0_IRQHandler
    startup_m460.o(RESET) refers to audio.o(.text.PDMA0_IRQHandler) for PDMA0_IRQHandler
    startup_m460.o(RESET) refers to fsusb_mouse.o(.text.USBD_IRQHandler) for USBD_IRQHandler
    startup_m460.o(RESET) refers to main.o(.text.SDH0_IRQHandler) for SDH0_IRQHandler
    startup_m460.o(RESET) refers to hsusb_mouse.o(.text.USBD20_IRQHandler) for USBD20_IRQHandler
    startup_m460.o(RESET) refers to main.o(.text.EMAC0_IRQHandler) for EMAC0_IRQHandler
    startup_m460.o(.text) refers (Special) to heapauxi.o(.text) for __use_two_region_memory
    startup_m460.o(.text) refers to system_m460.o(.text.SystemInit) for SystemInit
    startup_m460.o(.text) refers to __main.o(!!!main) for __main
    startup_m460.o(.text) refers to retarget.o(.text.ProcessHardFault) for ProcessHardFault
    startup_m460.o(.text) refers to startup_m460.o(HEAP) for Heap_Mem
    startup_m460.o(.text) refers to startup_m460.o(STACK) for Stack_Mem
    clk.o(.ARM.exidx.text.CLK_DisableCKO) refers to clk.o(.text.CLK_DisableCKO) for [Anonymous Symbol]
    clk.o(.ARM.exidx.text.CLK_EnableCKO) refers to clk.o(.text.CLK_EnableCKO) for [Anonymous Symbol]
    clk.o(.ARM.exidx.text.CLK_PowerDown) refers to clk.o(.text.CLK_PowerDown) for [Anonymous Symbol]
    clk.o(.ARM.exidx.text.CLK_Idle) refers to clk.o(.text.CLK_Idle) for [Anonymous Symbol]
    clk.o(.ARM.exidx.text.CLK_GetHXTFreq) refers to clk.o(.text.CLK_GetHXTFreq) for [Anonymous Symbol]
    clk.o(.ARM.exidx.text.CLK_GetLXTFreq) refers to clk.o(.text.CLK_GetLXTFreq) for [Anonymous Symbol]
    clk.o(.text.CLK_GetPCLK0Freq) refers to system_m460.o(.text.SystemCoreClockUpdate) for SystemCoreClockUpdate
    clk.o(.text.CLK_GetPCLK0Freq) refers to system_m460.o(.data.SystemCoreClock) for SystemCoreClock
    clk.o(.ARM.exidx.text.CLK_GetPCLK0Freq) refers to clk.o(.text.CLK_GetPCLK0Freq) for [Anonymous Symbol]
    clk.o(.text.CLK_GetPCLK1Freq) refers to system_m460.o(.text.SystemCoreClockUpdate) for SystemCoreClockUpdate
    clk.o(.text.CLK_GetPCLK1Freq) refers to system_m460.o(.data.SystemCoreClock) for SystemCoreClock
    clk.o(.ARM.exidx.text.CLK_GetPCLK1Freq) refers to clk.o(.text.CLK_GetPCLK1Freq) for [Anonymous Symbol]
    clk.o(.text.CLK_GetHCLKFreq) refers to system_m460.o(.text.SystemCoreClockUpdate) for SystemCoreClockUpdate
    clk.o(.text.CLK_GetHCLKFreq) refers to system_m460.o(.data.SystemCoreClock) for SystemCoreClock
    clk.o(.ARM.exidx.text.CLK_GetHCLKFreq) refers to clk.o(.text.CLK_GetHCLKFreq) for [Anonymous Symbol]
    clk.o(.text.CLK_GetCPUFreq) refers to system_m460.o(.text.SystemCoreClockUpdate) for SystemCoreClockUpdate
    clk.o(.text.CLK_GetCPUFreq) refers to system_m460.o(.data.SystemCoreClock) for SystemCoreClock
    clk.o(.ARM.exidx.text.CLK_GetCPUFreq) refers to clk.o(.text.CLK_GetCPUFreq) for [Anonymous Symbol]
    clk.o(.text.CLK_SetCoreClock) refers to clk.o(.text.CLK_WaitClockReady) for CLK_WaitClockReady
    clk.o(.text.CLK_SetCoreClock) refers to clk.o(.text.CLK_EnablePLL) for CLK_EnablePLL
    clk.o(.text.CLK_SetCoreClock) refers to clk.o(.text.CLK_SetHCLK) for CLK_SetHCLK
[...]
    QSPI1_IRQHandler                         0x000003b5   Thumb Code     0  startup_m460.o(.text)
    RAMPE_IRQHandler                         0x000003b5   Thumb Code     0  startup_m460.o(.text)
    RTC_IRQHandler                           0x000003b5   Thumb Code     0  startup_m460.o(.text)
    SC0_IRQHandler                           0x000003b5   Thumb Code     0  startup_m460.o(.text)
    SC1_IRQHandler                           0x000003b5   Thumb Code     0  startup_m460.o(.text)
    SC2_IRQHandler                           0x000003b5   Thumb Code     0  startup_m460.o(.text)
    SDH1_IRQHandler                          0x000003b5   Thumb Code     0  startup_m460.o(.text)
    SPI0_IRQHandler                          0x000003b5   Thumb Code     0  startup_m460.o(.text)
    SPI10_IRQHandler                         0x000003b5   Thumb Code     0  startup_m460.o(.text)
    SPI1_IRQHandler                          0x000003b5   Thumb Code     0  startup_m460.o(.text)
    SPI2_IRQHandler                          0x000003b5   Thumb Code     0  startup_m460.o(.text)
    SPI3_IRQHandler                          0x000003b5   Thumb Code     0  startup_m460.o(.text)
    SPI4_IRQHandler                          0x000003b5   Thumb Code     0  startup_m460.o(.text)
    SPI5_IRQHandler                          0x000003b5   Thumb Code     0  startup_m460.o(.text)
    SPI6_IRQHandler                          0x000003b5   Thumb Code     0  startup_m460.o(.text)
    SPI7_IRQHandler                          0x000003b5   Thumb Code     0  startup_m460.o(.text)
    SPI8_IRQHandler                          0x000003b5   Thumb Code     0  startup_m460.o(.text)
    SPI9_IRQHandler                          0x000003b5   Thumb Code     0  startup_m460.o(.text)
    SPIM_IRQHandler                          0x000003b5   Thumb Code     0  startup_m460.o(.text)
    TAMPER_IRQHandler                        0x000003b5   Thumb Code     0  startup_m460.o(.text)
    TMR1_IRQHandler                          0x000003b5   Thumb Code     0  startup_m460.o(.text)
    TMR2_IRQHandler                          0x000003b5   Thumb Code     0  startup_m460.o(.text)
    TMR3_IRQHandler                          0x000003b5   Thumb Code     0  startup_m460.o(.text)
    TRNG_IRQHandler                          0x000003b5   Thumb Code     0  startup_m460.o(.text)
    UART0_IRQHandler                         0x000003b5   Thumb Code     0  startup_m460.o(.text)
    UART1_IRQHandler                         0x000003b5   Thumb Code     0  startup_m460.o(.text)
    UART2_IRQHandler                         0x000003b5   Thumb Code     0  startup_m460.o(.text)
    UART3_IRQHandler                         0x000003b5   Thumb Code     0  startup_m460.o(.text)
    UART4_IRQHandler                         0x000003b5   Thumb Code     0  startup_m460.o(.text)
    UART5_IRQHandler                         0x000003b5   Thumb Code     0  startup_m460.o(.text)
    UART6_IRQHandler                         0x000003b5   Thumb Code     0  startup_m460.o(.text)
    UART7_IRQHandler                         0x000003b5   Thumb Code     0  startup_m460.o(.text)
    UART8_IRQHandler                         0x000003b5   Thumb Code     0  startup_m460.o(.text)
    UART9_IRQHandler                         0x000003b5   Thumb Code     0  startup_m460.o(.text)
    USBOTG20_IRQHandler                      0x000003b5   Thumb Code     0  startup_m460.o(.text)
    USBOTG_IRQHandler                        0x000003b5   Thumb Code     0  startup_m460.o(.text)
    USCI0_IRQHandler                         0x000003b5   Thumb Code     0  startup_m460.o(.text)
    WDT_IRQHandler                           0x000003b5   Thumb Code     0  startup_m460.o(.text)
    WWDT_IRQHandler                          0x000003b5   Thumb Code     0  startup_m460.o(.text)
    __user_initial_stackheap                 0x000003b9   Thumb Code    10  startup_m460.o(.text)
    __use_no_semihosting                     0x000003e1   Thumb Code     2  use_no_semi_2.o(.text)
    printf                                   0x000003e5   Thumb Code    20  printf.o(.text)
    __aeabi_memcpy                           0x000003fd   Thumb Code     0  rt_memcpy_v6.o(.text)
    __rt_memcpy                              0x000003fd   Thumb Code   138  rt_memcpy_v6.o(.text)
    _memcpy_lastbytes                        0x00000463   Thumb Code     0  rt_memcpy_v6.o(.text)
    __use_two_region_memory                  0x00000487   Thumb Code     2  heapauxi.o(.text)
    __rt_heap_escrow$2region                 0x00000489   Thumb Code     2  heapauxi.o(.text)
    __rt_heap_expand$2region                 0x0000048b   Thumb Code     2  heapauxi.o(.text)
    __I$use$semihosting                      0x0000048d   Thumb Code     0  use_no_semi.o(.text)
    __use_no_semihosting_swi                 0x0000048d   Thumb Code     2  use_no_semi.o(.text)
    _printf_pre_padding                      0x0000048f   Thumb Code    44  _printf_pad.o(.text)
    _printf_post_padding                     0x000004bb   Thumb Code    34  _printf_pad.o(.text)
    _printf_truncate_signed                  0x000004dd   Thumb Code    18  _printf_truncate.o(.text)
    _printf_truncate_unsigned                0x000004ef   Thumb Code    18  _printf_truncate.o(.text)
    _printf_str                              0x00000501   Thumb Code    82  _printf_str.o(.text)
    _printf_int_dec                          0x00000555   Thumb Code   104  _printf_dec.o(.text)
    _printf_charcount                        0x000005cd   Thumb Code    40  _printf_charcount.o(.text)
    _printf_char_common                      0x000005ff   Thumb Code    32  _printf_char_common.o(.text)
    _printf_char_file                        0x00000625   Thumb Code    32  _printf_char_file.o(.text)
    _printf_wctomb                           0x00000649   Thumb Code   182  _printf_wctomb.o(.text)
    _printf_longlong_dec                     0x00000705   Thumb Code   108  _printf_longlong_dec.o(.text)
    _printf_longlong_oct                     0x00000781   Thumb Code    68  _printf_oct_int_ll.o(.text)
    _printf_int_oct                          0x000007c5   Thumb Code    24  _printf_oct_int_ll.o(.text)
    _printf_ll_oct                           0x000007dd   Thumb Code    12  _printf_oct_int_ll.o(.text)
    _printf_longlong_hex                     0x000007f1   Thumb Code    86  _printf_hex_int_ll_ptr.o(.text)
    _printf_int_hex                          0x00000847   Thumb Code    28  _printf_hex_int_ll_ptr.o(.text)
    _printf_ll_hex                           0x00000863   Thumb Code    12  _printf_hex_int_ll_ptr.o(.text)
    _printf_hex_ptr                          0x0000086f   Thumb Code    18  _printf_hex_int_ll_ptr.o(.text)
    __printf                                 0x00000885   Thumb Code   388  __printf_flags_ss_wp.o(.text)
    __aeabi_memcpy4                          0x00000a0d   Thumb Code     0  rt_memcpy_w.o(.text)
    __aeabi_memcpy8                          0x00000a0d   Thumb Code     0  rt_memcpy_w.o(.text)
    __rt_memcpy_w                            0x00000a0d   Thumb Code   100  rt_memcpy_w.o(.text)
    _memcpy_lastbytes_aligned                0x00000a55   Thumb Code     0  rt_memcpy_w.o(.text)
    __user_libspace                          0x00000a71   Thumb Code     8  libspace.o(.text)
    __user_perproc_libspace                  0x00000a71   Thumb Code     0  libspace.o(.text)
    __user_perthread_libspace                0x00000a71   Thumb Code     0  libspace.o(.text)
    __rt_ctype_table                         0x00000a79   Thumb Code    16  rt_ctype_table.o(.text)
    _ll_udiv10                               0x00000a89   Thumb Code   138  lludiv10.o(.text)
    _printf_int_common                       0x00000b13   Thumb Code   178  _printf_intcommon.o(.text)
    _printf_fp_dec_real                      0x00000d75   Thumb Code   620  _printf_fp_dec.o(.text)
    _printf_fp_hex_real                      0x00000fe1   Thumb Code   756  _printf_fp_hex.o(.text)
    _printf_cs_common                        0x000012dd   Thumb Code    20  _printf_char.o(.text)
    _printf_char                             0x000012f1   Thumb Code    16  _printf_char.o(.text)
    _printf_string                           0x00001301   Thumb Code     8  _printf_char.o(.text)
    _printf_lcs_common                       0x00001309   Thumb Code    20  _printf_wchar.o(.text)
    _printf_wchar                            0x0000131d   Thumb Code    16  _printf_wchar.o(.text)
    _printf_wstring                          0x0000132d   Thumb Code     8  _printf_wchar.o(.text)
    _c32rtomb                                0x00001335   Thumb Code    72  _c32rtomb.o(.text)
    _wcrtomb                                 0x00001335   Thumb Code     0  _c32rtomb.o(.text)
    __user_setup_stackheap                   0x0000137d   Thumb Code    74  sys_stackheap_outer.o(.text)
    __rt_locale                              0x000013c9   Thumb Code     8  rt_locale_intlibspace.o(.text)
    _printf_fp_infnan                        0x000013d1   Thumb Code   112  _printf_fp_infnan.o(.text)
    _btod_etento                             0x00001451   Thumb Code   224  bigflt0.o(.text)
    exit                                     0x00001535   Thumb Code    18  exit.o(.text)
    strcmp                                   0x00001549   Thumb Code   124  strcmpv7em.o(.text)
    CLK_EnableModuleClock                    0x000015c5   Thumb Code    98  clk.o(.text.CLK_EnableModuleClock)
    CLK_EnablePLL                            0x00001629   Thumb Code   554  clk.o(.text.CLK_EnablePLL)
    CLK_EnableXtalRC                         0x00001855   Thumb Code    24  clk.o(.text.CLK_EnableXtalRC)
    CLK_GetHCLKFreq                          0x0000186d   Thumb Code    18  clk.o(.text.CLK_GetHCLKFreq)
    CLK_GetHXTFreq                           0x00001881   Thumb Code    42  clk.o(.text.CLK_GetHXTFreq)
    CLK_GetPCLK0Freq                         0x000018ad   Thumb Code   210  clk.o(.text.CLK_GetPCLK0Freq)
    CLK_GetPCLK1Freq                         0x00001981   Thumb Code   212  clk.o(.text.CLK_GetPCLK1Freq)
    CLK_GetPLLClockFreq                      0x00001a55   Thumb Code   172  clk.o(.text.CLK_GetPLLClockFreq)
    CLK_SetCoreClock                         0x00001b01   Thumb Code   230  clk.o(.text.CLK_SetCoreClock)
    CLK_SetHCLK                              0x00001be9   Thumb Code   640  clk.o(.text.CLK_SetHCLK)
    CLK_SetModuleClock                       0x00001e69   Thumb Code   796  clk.o(.text.CLK_SetModuleClock)
    CLK_WaitClockReady                       0x000021e1   Thumb Code    68  clk.o(.text.CLK_WaitClockReady)
    EMAC0_IRQHandler                         0x00002225   Thumb Code    30  main.o(.text.EMAC0_IRQHandler)
    HSUSBD_CtrlIn                            0x00002329   Thumb Code   244  hsusbd.o(.text.HSUSBD_CtrlIn)
    HSUSBD_GetDescriptor                     0x0000241d   Thumb Code  1142  hsusbd.o(.text.HSUSBD_GetDescriptor)
    HSUSBD_PrepareCtrlIn                     0x000028f1   Thumb Code    34  hsusbd.o(.text.HSUSBD_PrepareCtrlIn)
    HSUSBD_ProcessSetupPacket                0x00002915   Thumb Code   180  hsusbd.o(.text.HSUSBD_ProcessSetupPacket)
    HSUSBD_StandardRequest                   0x00002ac5   Thumb Code  1024  hsusbd.o(.text.HSUSBD_StandardRequest)
    HSUSBD_SwReset                           0x00002ec5   Thumb Code    54  hsusbd.o(.text.HSUSBD_SwReset)
    HSUSBD_UpdateDeviceState                 0x00002efd   Thumb Code   428  hsusbd.o(.text.HSUSBD_UpdateDeviceState)
    I2C_Open                                 0x000030a9   Thumb Code   130  i2c.o(.text.I2C_Open)
    I2C_ReadByteOneReg                       0x0000312d   Thumb Code   456  i2c.o(.text.I2C_ReadByteOneReg)
    I2C_WriteByteOneReg                      0x000032f5   Thumb Code   380  i2c.o(.text.I2C_WriteByteOneReg)
    Init_MPU6500                             0x00003471   Thumb Code    78  mpu6500.o(.text.Init_MPU6500)
    MPU6500_low_levle_init                   0x000034c1   Thumb Code    50  mpu6500.o(.text.MPU6500_low_levle_init)
    MPU6500_readXYZ_mg                       0x000034f5   Thumb Code   278  mpu6500.o(.text.MPU6500_readXYZ_mg)
    MPU6500_test                             0x0000360d   Thumb Code   398  mpu6500.o(.text.MPU6500_test)
    PDMA0_IRQHandler                         0x0000379d   Thumb Code   258  audio.o(.text.PDMA0_IRQHandler)
    PDMA_EnableInt                           0x000038a1   Thumb Code    98  pdma.o(.text.PDMA_EnableInt)
    PDMA_Open                                0x00003905   Thumb Code    84  pdma.o(.text.PDMA_Open)
    PDMA_SetBurstType                        0x00003959   Thumb Code    48  pdma.o(.text.PDMA_SetBurstType)
    PDMA_SetTransferAddr                     0x00003989   Thumb Code    80  pdma.o(.text.PDMA_SetTransferAddr)
    PDMA_SetTransferCnt                      0x000039d9   Thumb Code    60  pdma.o(.text.PDMA_SetTransferCnt)
    PDMA_SetTransferMode                     0x00003a15   Thumb Code   516  pdma.o(.text.PDMA_SetTransferMode)
    ProcessHardFault                         0x00003c19   Thumb Code   734  retarget.o(.text.ProcessHardFault)
    SDH0_IRQHandler                          0x00003ef9   Thumb Code   388  main.o(.text.SDH0_IRQHandler)
    SDH_CardDetection                        0x0000407d   Thumb Code   212  sdh.o(.text.SDH_CardDetection)
    SDH_CheckRB                              0x00004151   Thumb Code   148  sdh.o(.text.SDH_CheckRB)
    SDH_Get_SD_info                          0x000041e5   Thumb Code   530  sdh.o(.text.SDH_Get_SD_info)
    SDH_Init                                 0x000043f9   Thumb Code   974  sdh.o(.text.SDH_Init)
    SDH_Open                                 0x000047c9   Thumb Code   418  sdh.o(.text.SDH_Open)
    SDH_Probe                                0x0000496d   Thumb Code   216  sdh.o(.text.SDH_Probe)
    SDH_SDCmdAndRsp                          0x00004a45   Thumb Code   388  sdh.o(.text.SDH_SDCmdAndRsp)
    SDH_SDCmdAndRsp2                         0x00004bc9   Thumb Code   310  sdh.o(.text.SDH_SDCmdAndRsp2)
    SDH_SDCmdAndRspDataIn                    0x00004d01   Thumb Code   318  sdh.o(.text.SDH_SDCmdAndRspDataIn)
    SDH_SDCommand                            0x00004e41   Thumb Code   180  sdh.o(.text.SDH_SDCommand)
    SDH_SelectCardType                       0x00004ef5   Thumb Code   740  sdh.o(.text.SDH_SelectCardType)
    SDH_Set_clock                            0x000051d9   Thumb Code   858  sdh.o(.text.SDH_Set_clock)
    SDH_Swap32                               0x00005535   Thumb Code    60  sdh.o(.text.SDH_Swap32)
    SDH_SwitchToHighSpeed                    0x00005571   Thumb Code   324  sdh.o(.text.SDH_SwitchToHighSpeed)
    SendChar                                 0x0000578d   Thumb Code    16  retarget.o(.text.SendChar)
    SendChar_ToUART                          0x0000579d   Thumb Code    80  retarget.o(.text.SendChar_ToUART)
    SysTick_Handler                          0x000057ed   Thumb Code    16  main.o(.text.SysTick_Handler)
    SystemCoreClockUpdate                    0x000057fd   Thumb Code   150  system_m460.o(.text.SystemCoreClockUpdate)
    SystemInit                               0x00005895   Thumb Code    54  system_m460.o(.text.SystemInit)
    TIMER_GetModuleClock                     0x000058f1   Thumb Code   252  timer.o(.text.TIMER_GetModuleClock)
    TIMER_Open                               0x000059ed   Thumb Code   114  timer.o(.text.TIMER_Open)
    TMR0_IRQHandler                          0x00005a75   Thumb Code    18  main.o(.text.TMR0_IRQHandler)
    UART_Open                                0x00005a89   Thumb Code   708  uart.o(.text.UART_Open)
    USBD20_IRQHandler                        0x00005d4d   Thumb Code  1640  hsusb_mouse.o(.text.USBD20_IRQHandler)
    USBD_CtrlIn                              0x000063b5   Thumb Code   348  usbd.o(.text.USBD_CtrlIn)
    USBD_CtrlOut                             0x00006511   Thumb Code   156  usbd.o(.text.USBD_CtrlOut)
    USBD_GetDescriptor                       0x000065ad   Thumb Code   808  usbd.o(.text.USBD_GetDescriptor)
    USBD_IRQHandler                          0x00006939   Thumb Code   634  fsusb_mouse.o(.text.USBD_IRQHandler)
    USBD_PrepareCtrlIn                       0x00006be5   Thumb Code   220  usbd.o(.text.USBD_PrepareCtrlIn)
    USBD_PrepareCtrlOut                      0x00006cc1   Thumb Code    66  usbd.o(.text.USBD_PrepareCtrlOut)
    USBD_ProcessSetupPacket                  0x00006d05   Thumb Code   164  usbd.o(.text.USBD_ProcessSetupPacket)
    USBD_StandardRequest                     0x00006e15   Thumb Code  1294  usbd.o(.text.USBD_StandardRequest)
    USBD_SwReset                             0x00007325   Thumb Code   184  usbd.o(.text.USBD_SwReset)
    _sys_exit                                0x00007435   Thumb Code     8  retarget.o(.text._sys_exit)
    ferror                                   0x00007469   Thumb Code    12  retarget.o(.text.ferror)
    fputc                                    0x00007475   Thumb Code    20  retarget.o(.text.fputc)
    main                                     0x00007525   Thumb Code   136  main.o(.text.main)
    plat_delay                               0x000075ad   Thumb Code    46  main.o(.text.plat_delay)
    synopGMAC0_intr_handler                  0x000075dd   Thumb Code   624  synopgmac_network_interface.o(.text.synopGMAC0_intr_handler)
    synopGMAC_ES_is_IP_header_error          0x0000792d   Thumb Code    18  synopgmac_dev.o(.text.synopGMAC_ES_is_IP_header_error)
    synopGMAC_ES_is_IP_payload_error         0x00007941   Thumb Code    18  synopgmac_dev.o(.text.synopGMAC_ES_is_IP_payload_error)
    synopGMAC_ES_is_rx_checksum_bypassed     0x00007955   Thumb Code    18  synopgmac_dev.o(.text.synopGMAC_ES_is_rx_checksum_bypassed)
    synopGMAC_back_off_limit                 0x00007969   Thumb Code    54  synopgmac_dev.o(.text.synopGMAC_back_off_limit)
    synopGMAC_broadcast_enable               0x000079a1   Thumb Code    22  synopgmac_dev.o(.text.synopGMAC_broadcast_enable)
    synopGMAC_deferral_check_disable         0x000079b9   Thumb Code    22  synopgmac_dev.o(.text.synopGMAC_deferral_check_disable)
    synopGMAC_disable_dma_rx                 0x000079d1   Thumb Code    44  synopgmac_dev.o(.text.synopGMAC_disable_dma_rx)
    synopGMAC_disable_dma_tx                 0x000079fd   Thumb Code    44  synopgmac_dev.o(.text.synopGMAC_disable_dma_tx)
    synopGMAC_disable_interrupt_all          0x00007a29   Thumb Code    22  synopgmac_dev.o(.text.synopGMAC_disable_interrupt_all)
    synopGMAC_dma_bus_mode_init              0x00007a41   Thumb Code    28  synopgmac_dev.o(.text.synopGMAC_dma_bus_mode_init)
    synopGMAC_dma_control_init               0x00007a5d   Thumb Code    26  synopgmac_dev.o(.text.synopGMAC_dma_control_init)
    synopGMAC_dst_addr_filter_normal         0x00007a79   Thumb Code    22  synopgmac_dev.o(.text.synopGMAC_dst_addr_filter_normal)
    synopGMAC_enable_dma_rx                  0x00007a91   Thumb Code    44  synopgmac_dev.o(.text.synopGMAC_enable_dma_rx)
    synopGMAC_enable_dma_tx                  0x00007abd   Thumb Code    44  synopgmac_dev.o(.text.synopGMAC_enable_dma_tx)
    synopGMAC_enable_interrupt               0x00007ae9   Thumb Code    24  synopgmac_dev.o(.text.synopGMAC_enable_interrupt)
    synopGMAC_frame_burst_enable             0x00007b01   Thumb Code    24  synopgmac_dev.o(.text.synopGMAC_frame_burst_enable)
    synopGMAC_frame_filter_enable            0x00007b19   Thumb Code    24  synopgmac_dev.o(.text.synopGMAC_frame_filter_enable)
    synopGMAC_get_interrupt_type             0x00007b31   Thumb Code   192  synopgmac_dev.o(.text.synopGMAC_get_interrupt_type)
    synopGMAC_get_rx_desc_frame_length       0x00007bf1   Thumb Code    14  synopgmac_dev.o(.text.synopGMAC_get_rx_desc_frame_length)
    synopGMAC_get_rx_qptr                    0x00007c01   Thumb Code   288  synopgmac_dev.o(.text.synopGMAC_get_rx_qptr)
    synopGMAC_get_tx_collision_count         0x00007d21   Thumb Code    14  synopgmac_dev.o(.text.synopGMAC_get_tx_collision_count)
    synopGMAC_get_tx_qptr                    0x00007d31   Thumb Code   280  synopgmac_dev.o(.text.synopGMAC_get_tx_qptr)
    synopGMAC_init_rx_desc_base              0x00007e49   Thumb Code    22  synopgmac_dev.o(.text.synopGMAC_init_rx_desc_base)
    synopGMAC_init_tx_desc_base              0x00007e61   Thumb Code    22  synopgmac_dev.o(.text.synopGMAC_init_tx_desc_base)
    synopGMAC_init_tx_rx_desc_queue          0x00007e79   Thumb Code   136  synopgmac_dev.o(.text.synopGMAC_init_tx_rx_desc_queue)
    synopGMAC_is_desc_empty                  0x00007f01   Thumb Code    46  synopgmac_dev.o(.text.synopGMAC_is_desc_empty)
    synopGMAC_is_desc_owned_by_dma           0x00007f31   Thumb Code    14  synopgmac_dev.o(.text.synopGMAC_is_desc_owned_by_dma)
    synopGMAC_is_desc_valid                  0x00007f41   Thumb Code    18  synopgmac_dev.o(.text.synopGMAC_is_desc_valid)
    synopGMAC_is_ext_status                  0x00007f55   Thumb Code    16  synopgmac_dev.o(.text.synopGMAC_is_ext_status)
    synopGMAC_is_last_rx_desc                0x00007f65   Thumb Code    16  synopgmac_dev.o(.text.synopGMAC_is_last_rx_desc)
    synopGMAC_is_last_tx_desc                0x00007f75   Thumb Code    18  synopgmac_dev.o(.text.synopGMAC_is_last_tx_desc)
    synopGMAC_is_magic_packet_received       0x00007f89   Thumb Code    30  synopgmac_dev.o(.text.synopGMAC_is_magic_packet_received)
    synopGMAC_is_rx_checksum_error           0x00007fa9   Thumb Code   298  synopgmac_dev.o(.text.synopGMAC_is_rx_checksum_error)
    synopGMAC_is_tx_aborted                  0x000080d5   Thumb Code    22  synopgmac_dev.o(.text.synopGMAC_is_tx_aborted)
    synopGMAC_is_tx_carrier_error            0x000080ed   Thumb Code    22  synopgmac_dev.o(.text.synopGMAC_is_tx_carrier_error)
    synopGMAC_is_tx_ipv4header_checksum_error 0x00008105   Thumb Code    18  synopgmac_dev.o(.text.synopGMAC_is_tx_ipv4header_checksum_error)
    synopGMAC_is_tx_payload_checksum_error   0x00008119   Thumb Code    18  synopgmac_dev.o(.text.synopGMAC_is_tx_payload_checksum_error)
    synopGMAC_is_wakeup_frame_received       0x0000812d   Thumb Code    30  synopgmac_dev.o(.text.synopGMAC_is_wakeup_frame_received)
    synopGMAC_jab_enable                     0x0000814d   Thumb Code    24  synopgmac_dev.o(.text.synopGMAC_jab_enable)
    synopGMAC_jumbo_frame_disable            0x00008165   Thumb Code    24  synopgmac_dev.o(.text.synopGMAC_jumbo_frame_disable)
    synopGMAC_loopback_off                   0x0000817d   Thumb Code    24  synopgmac_dev.o(.text.synopGMAC_loopback_off)
    synopGMAC_mac_init                       0x00008195   Thumb Code   446  synopgmac_dev.o(.text.synopGMAC_mac_init)
    synopGMAC_multicast_disable              0x00008355   Thumb Code    22  synopgmac_dev.o(.text.synopGMAC_multicast_disable)
    synopGMAC_multicast_hash_filter_disable  0x0000836d   Thumb Code    22  synopgmac_dev.o(.text.synopGMAC_multicast_hash_filter_disable)
    synopGMAC_pad_crc_strip_disable          0x00008385   Thumb Code    22  synopgmac_dev.o(.text.synopGMAC_pad_crc_strip_disable)
    synopGMAC_pmt_int_disable                0x0000839d   Thumb Code    22  synopgmac_dev.o(.text.synopGMAC_pmt_int_disable)
    synopGMAC_promisc_disable                0x00008401   Thumb Code    22  synopgmac_dev.o(.text.synopGMAC_promisc_disable)
    synopGMAC_reset                          0x00008419   Thumb Code    62  synopgmac_dev.o(.text.synopGMAC_reset)
    synopGMAC_resume_dma_rx                  0x00008459   Thumb Code    22  synopgmac_dev.o(.text.synopGMAC_resume_dma_rx)
    synopGMAC_retry_enable                   0x00008471   Thumb Code    24  synopgmac_dev.o(.text.synopGMAC_retry_enable)
    synopGMAC_rx_desc_init_ring              0x00008489   Thumb Code    38  synopgmac_dev.o(.text.synopGMAC_rx_desc_init_ring)
    synopGMAC_rx_enable                      0x000084b1   Thumb Code    22  synopgmac_dev.o(.text.synopGMAC_rx_enable)
    synopGMAC_rx_flow_control_disable        0x000084c9   Thumb Code    22  synopgmac_dev.o(.text.synopGMAC_rx_flow_control_disable)
    synopGMAC_rx_flow_control_enable         0x000084e1   Thumb Code    22  synopgmac_dev.o(.text.synopGMAC_rx_flow_control_enable)
    synopGMAC_rx_own_enable                  0x000084f9   Thumb Code    24  synopgmac_dev.o(.text.synopGMAC_rx_own_enable)
    synopGMAC_select_gmii                    0x00008511   Thumb Code    24  synopgmac_dev.o(.text.synopGMAC_select_gmii)
    synopGMAC_select_mii                     0x00008529   Thumb Code    24  synopgmac_dev.o(.text.synopGMAC_select_mii)
    synopGMAC_set_full_duplex                0x00008541   Thumb Code    24  synopgmac_dev.o(.text.synopGMAC_set_full_duplex)
    synopGMAC_set_half_duplex                0x00008559   Thumb Code    24  synopgmac_dev.o(.text.synopGMAC_set_half_duplex)
    synopGMAC_set_mac_addr                   0x00008571   Thumb Code    54  synopgmac_dev.o(.text.synopGMAC_set_mac_addr)
    synopGMAC_set_pass_control               0x000085a9   Thumb Code    54  synopgmac_dev.o(.text.synopGMAC_set_pass_control)
    synopGMAC_src_addr_filter_disable        0x000085e1   Thumb Code    24  synopgmac_dev.o(.text.synopGMAC_src_addr_filter_disable)
    synopGMAC_take_desc_ownership            0x000085f9   Thumb Code    26  synopgmac_dev.o(.text.synopGMAC_take_desc_ownership)
    synopGMAC_take_desc_ownership_rx         0x00008615   Thumb Code    56  synopgmac_dev.o(.text.synopGMAC_take_desc_ownership_rx)
    synopGMAC_take_desc_ownership_tx         0x0000864d   Thumb Code    56  synopgmac_dev.o(.text.synopGMAC_take_desc_ownership_tx)
    synopGMAC_tx_desc_init_ring              0x00008685   Thumb Code    38  synopgmac_dev.o(.text.synopGMAC_tx_desc_init_ring)
    synopGMAC_tx_enable                      0x000086ad   Thumb Code    22  synopgmac_dev.o(.text.synopGMAC_tx_enable)
    synopGMAC_tx_flow_control_disable        0x000086c5   Thumb Code    22  synopgmac_dev.o(.text.synopGMAC_tx_flow_control_disable)
    synopGMAC_tx_flow_control_enable         0x000086dd   Thumb Code    22  synopgmac_dev.o(.text.synopGMAC_tx_flow_control_enable)
    synopGMAC_unicast_hash_filter_disable    0x000086f5   Thumb Code    22  synopgmac_dev.o(.text.synopGMAC_unicast_hash_filter_disable)
    synopGMAC_unicast_pause_frame_detect_disable 0x0000870d   Thumb Code    22  synopgmac_dev.o(.text.synopGMAC_unicast_pause_frame_detect_disable)
    synopGMAC_wd_enable                      0x00008725   Thumb Code    24  synopgmac_dev.o(.text.synopGMAC_wd_enable)
    synop_handle_received_data               0x0000873d   Thumb Code   492  synopgmac_network_interface.o(.text.synop_handle_received_data)
    synop_handle_transmit_over               0x00008929   Thumb Code   272  synopgmac_network_interface.o(.text.synop_handle_transmit_over)
    _btod_d2e                                0x00008baf   Thumb Code    62  btod.o(CL$$btod_d2e)
    _d2e_denorm_low                          0x00008bed   Thumb Code    70  btod.o(CL$$btod_d2e_denorm_low)
    _d2e_norm_op1                            0x00008c33   Thumb Code    96  btod.o(CL$$btod_d2e_norm_op1)
    __btod_div_common                        0x00008c95   Thumb Code   696  btod.o(CL$$btod_div_common)
    _e2e                                     0x00008fcd   Thumb Code   220  btod.o(CL$$btod_e2e)
    _btod_ediv                               0x000090a9   Thumb Code    42  btod.o(CL$$btod_ediv)
    _btod_emul                               0x000090d3   Thumb Code    42  btod.o(CL$$btod_emul)
    __btod_mult_common                       0x000090fd   Thumb Code   580  btod.o(CL$$btod_mult_common)
    __ARM_fpclassify                         0x00009341   Thumb Code    48  fpclassify.o(i.__ARM_fpclassify)
    _is_digit                                0x00009371   Thumb Code    14  __printf_wp.o(i._is_digit)
    _get_lc_ctype                            0x00009381   Thumb Code    44  lc_ctype_c.o(locale$$code)
    _get_lc_numeric                          0x000093ad   Thumb Code    44  lc_numeric_c.o(locale$$code)
    _fp_init                                 0x000093d9   Thumb Code    26  fpinit.o(x$fpl$fpinit)
    __fplib_config_fpu_vfp                   0x000093f1   Thumb Code     0  fpinit.o(x$fpl$fpinit)
    __fplib_config_pureend_doubles           0x000093f1   Thumb Code     0  fpinit.o(x$fpl$fpinit)
    _printf_fp_dec                           0x000093f3   Thumb Code     4  printf1.o(x$fpl$printf1)
    _printf_fp_hex                           0x000093f7   Thumb Code     4  printf2.o(x$fpl$printf2)
    __I$use$fp                               0x000093fa   Number         0  usenofp.o(x$fpl$usenofp)
    sound                                    0x00009588   Data       94288  sound.o(.rodata.sound)
    Region$$Table$$Base                      0x000208b8   Number         0  anon$$obj.o(Region$$Table)
    Region$$Table$$Limit                     0x000208d8   Number         0  anon$$obj.o(Region$$Table)
    __ctype                                  0x000208e5   Data           0  lc_ctype_c.o(locale$$data)
    __ARM_use_no_argv                        0x20000000   Data           4  main.o(.ARM.use_no_argv)
    CyclesPerUs                              0x20000004   Data           4  system_m460.o(.data.CyclesPerUs)
    PllClock                                 0x20000008   Data           4  system_m460.o(.data.PllClock)
    SystemCoreClock                          0x2000000c   Data           4  system_m460.o(.data.SystemCoreClock)
    gau32ClkSrcTbl                           0x20000018   Data          32  system_m460.o(.data.gau32ClkSrcTbl)
    mac_addr0                                0x20000038   Data           6  synopgmac_network_interface.o(.data.mac_addr0)
    mac_addr1                                0x2000003e   Data           6  synopgmac_network_interface.o(.data.mac_addr1)
    sound_size                               0x20000044   Data           4  audio.o(.data.sound_size)
    __libspace_start                         0x20000080   Data          96  libspace.o(.bss)
    BUF                                      0x200000e0   Data          10  mpu6500.o(.bss.BUF)
    __temporary_stack_top$libspace           0x200000e0   Data           0  libspace.o(.bss)
    GMACdev                                  0x200000f0   Data         196  synopgmac_network_interface.o(.bss.GMACdev)
    LPIReg                                   0x200001b4   Data           4  synopgmac_network_interface.o(.bss.LPIReg)
    LPIStsChange                             0x200001b8   Data           4  synopgmac_network_interface.o(.bss.LPIStsChange)
    SD0                                      0x200001bc   Data          28  sdh.o(.bss.SD0)
    SD1                                      0x200001d8   Data          28  sdh.o(.bss.SD1)
    T_X                                      0x200001fc   Data           2  mpu6500.o(.bss.T_X)
    T_Y                                      0x200001fe   Data           2  mpu6500.o(.bss.T_Y)
    T_Z                                      0x20000200   Data           2  mpu6500.o(.bss.T_Z)
    __stdout                                 0x2000060c   Data          84  retarget.o(.bss.__stdout)
    gUsbCmd                                  0x20000670   Data           8  hsusbd.o(.bss.gUsbCmd)
    g_I2C_i32ErrCode                         0x20000678   Data           4  i2c.o(.bss.g_I2C_i32ErrCode)
    g_SDH_i32ErrCode                         0x2000067c   Data           4  sdh.o(.bss.g_SDH_i32ErrCode)
    g_hsusbd_Configured                      0x20000680   Data           1  hsusbd.o(.bss.g_hsusbd_Configured)
    g_hsusbd_CtrlInSize                      0x20000688   Data           4  hsusbd.o(.bss.g_hsusbd_CtrlInSize)
    g_hsusbd_CtrlZero                        0x2000068c   Data           1  hsusbd.o(.bss.g_hsusbd_CtrlZero)
    g_hsusbd_DmaDone                         0x20000690   Data           4  hsusbd.o(.bss.g_hsusbd_DmaDone)
    g_hsusbd_ShortPacket                     0x20000695   Data           1  hsusbd.o(.bss.g_hsusbd_ShortPacket)
    g_hsusbd_UsbAddr                         0x20000697   Data           1  hsusbd.o(.bss.g_hsusbd_UsbAddr)
    g_hsusbd_pfnClassRequest                 0x200006a8   Data           4  hsusbd.o(.bss.g_hsusbd_pfnClassRequest)
    g_hsusbd_pfnSetInterface                 0x200006ac   Data           4  hsusbd.o(.bss.g_hsusbd_pfnSetInterface)
    g_hsusbd_pfnVendorRequest                0x200006b0   Data           4  hsusbd.o(.bss.g_hsusbd_pfnVendorRequest)
    g_hsusbd_sInfo                           0x200006b4   Data           4  hsusbd.o(.bss.g_hsusbd_sInfo)
    g_u32EpStallLock                         0x200006b8   Data           4  usbd.o(.bss.g_u32EpStallLock)
    g_u32HsEpStallLock                       0x200006bc   Data           4  hsusbd.o(.bss.g_u32HsEpStallLock)
    g_u8DeviceAddr                           0x200006c0   Data           1  mpu6500.o(.bss.g_u8DeviceAddr)
    g_u8EPAReady                             0x200006c1   Data           1  hsusb_mouse.o(.bss.g_u8EPAReady)
    g_u8Suspend                              0x200006c2   Data           1  fsusb_mouse.o(.bss.g_u8Suspend)
    g_usbd_RemoteWakeupEn                    0x200006dc   Data           1  usbd.o(.bss.g_usbd_RemoteWakeupEn)
    g_usbd_SetupPacket                       0x200006dd   Data           8  usbd.o(.bss.g_usbd_SetupPacket)
    g_usbd_pfnClassRequest                   0x200006f4   Data           4  usbd.o(.bss.g_usbd_pfnClassRequest)
    g_usbd_pfnSetConfigCallback              0x200006f8   Data           4  usbd.o(.bss.g_usbd_pfnSetConfigCallback)
    g_usbd_pfnSetInterface                   0x200006fc   Data           4  usbd.o(.bss.g_usbd_pfnSetInterface)
    g_usbd_pfnVendorRequest                  0x20000700   Data           4  usbd.o(.bss.g_usbd_pfnVendorRequest)
    g_usbd_sInfo                             0x20000704   Data           4  usbd.o(.bss.g_usbd_sInfo)
    prevtx                                   0x2000070c   Data           4  synopgmac_dev.o(.bss.prevtx)
    rxbuf                                    0x20000740   Data        2056  synopgmac_network_interface.o(.bss.rxbuf)



==============================================================================

Memory Map of the image

  Image Entry point : 0x00000241

  Load Region LR_IROM1 (Base: 0x00000000, Size: 0x00020ac0, Max: 0x00100000, ABSOLUTE)

    Execution Region ER_IROM1 (Exec base: 0x00000000, Load base: 0x00000000, Size: 0x00020a04, Max: 0x00100000, ABSOLUTE)

    Exec Addr    Load Addr    Size         Type   Attr      Idx    E Section Name        Object

    0x00000000   0x00000000   0x00000240   Data   RO           20    RESET               startup_m460.o
    0x00000240   0x00000240   0x00000008   Code   RO         1803  * !!!main             c_wu.l(__main.o)
    0x00000248   0x00000248   0x00000034   Code   RO         2145    !!!scatter          c_wu.l(__scatter.o)
    0x0000027c   0x0000027c   0x0000001a   Code   RO         2147    !!handler_copy      c_wu.l(__scatter_copy.o)
    0x00000296   0x00000296   0x00000002   PAD
    0x00000298   0x00000298   0x0000001c   Code   RO         2149    !!handler_zi        c_wu.l(__scatter_zi.o)
    0x000002b4   0x000002b4   0x00000000   Code   RO         1896    .ARM.Collect$$_printf_percent$$00000000  c_wu.l(_printf_percent.o)
    0x000002b4   0x000002b4   0x00000006   Code   RO         1885    .ARM.Collect$$_printf_percent$$00000001  c_wu.l(_printf_n.o)
    0x000002ba   0x000002ba   0x00000006   Code   RO         1887    .ARM.Collect$$_printf_percent$$00000002  c_wu.l(_printf_p.o)
    0x000002c0   0x000002c0   0x00000006   Code   RO         1892    .ARM.Collect$$_printf_percent$$00000003  c_wu.l(_printf_f.o)
    0x000002c6   0x000002c6   0x00000006   Code   RO         1893    .ARM.Collect$$_printf_percent$$00000004  c_wu.l(_printf_e.o)
    0x000002cc   0x000002cc   0x00000006   Code   RO         1894    .ARM.Collect$$_printf_percent$$00000005  c_wu.l(_printf_g.o)
    0x000002d2   0x000002d2   0x00000006   Code   RO         1895    .ARM.Collect$$_printf_percent$$00000006  c_wu.l(_printf_a.o)
    0x000002d8   0x000002d8   0x0000000a   Code   RO         1900    .ARM.Collect$$_printf_percent$$00000007  c_wu.l(_printf_ll.o)
    0x000002e2   0x000002e2   0x00000006   Code   RO         1889    .ARM.Collect$$_printf_percent$$00000008  c_wu.l(_printf_i.o)
    0x000002e8   0x000002e8   0x00000006   Code   RO         1890    .ARM.Collect$$_printf_percent$$00000009  c_wu.l(_printf_d.o)
    0x000002ee   0x000002ee   0x00000006   Code   RO         1891    .ARM.Collect$$_printf_percent$$0000000A  c_wu.l(_printf_u.o)
    0x000002f4   0x000002f4   0x00000006   Code   RO         1888    .ARM.Collect$$_printf_percent$$0000000B  c_wu.l(_printf_o.o)
    0x000002fa   0x000002fa   0x00000006   Code   RO         1886    .ARM.Collect$$_printf_percent$$0000000C  c_wu.l(_printf_x.o)
    0x00000300   0x00000300   0x00000006   Code   RO         1897    .ARM.Collect$$_printf_percent$$0000000D  c_wu.l(_printf_lli.o)
    0x00000306   0x00000306   0x00000006   Code   RO         1898    .ARM.Collect$$_printf_percent$$0000000E  c_wu.l(_printf_lld.o)
    0x0000030c   0x0000030c   0x00000006   Code   RO         1899    .ARM.Collect$$_printf_percent$$0000000F  c_wu.l(_printf_llu.o)
    0x00000312   0x00000312   0x00000006   Code   RO         1904    .ARM.Collect$$_printf_percent$$00000010  c_wu.l(_printf_llo.o)
    0x00000318   0x00000318   0x00000006   Code   RO         1905    .ARM.Collect$$_printf_percent$$00000011  c_wu.l(_printf_llx.o)
    0x0000031e   0x0000031e   0x0000000a   Code   RO         1901    .ARM.Collect$$_printf_percent$$00000012  c_wu.l(_printf_l.o)
    0x00000328   0x00000328   0x00000006   Code   RO         1883    .ARM.Collect$$_printf_percent$$00000013  c_wu.l(_printf_c.o)
    0x0000032e   0x0000032e   0x00000006   Code   RO         1884    .ARM.Collect$$_printf_percent$$00000014  c_wu.l(_printf_s.o)
    0x00000334   0x00000334   0x00000006   Code   RO         1902    .ARM.Collect$$_printf_percent$$00000015  c_wu.l(_printf_lc.o)
    0x0000033a   0x0000033a   0x00000006   Code   RO         1903    .ARM.Collect$$_printf_percent$$00000016  c_wu.l(_printf_ls.o)
    0x00000340   0x00000340   0x00000004   Code   RO         1955    .ARM.Collect$$_printf_percent$$00000017  c_wu.l(_printf_percent_end.o)
    0x00000344   0x00000344   0x00000002   Code   RO         2011    .ARM.Collect$$libinit$$00000000  c_wu.l(libinit.o)
    0x00000346   0x00000346   0x00000004   Code   RO         2023    .ARM.Collect$$libinit$$00000001  c_wu.l(libinit2.o)
    0x0000034a   0x0000034a   0x00000000   Code   RO         2026    .ARM.Collect$$libinit$$00000004  c_wu.l(libinit2.o)
    0x0000034a   0x0000034a   0x00000000   Code   RO         2029    .ARM.Collect$$libinit$$0000000A  c_wu.l(libinit2.o)
    0x0000034a   0x0000034a   0x00000000   Code   RO         2031    .ARM.Collect$$libinit$$0000000C  c_wu.l(libinit2.o)
    0x0000034a   0x0000034a   0x00000000   Code   RO         2033    .ARM.Collect$$libinit$$0000000E  c_wu.l(libinit2.o)
    0x0000034a   0x0000034a   0x00000006   Code   RO         2034    .ARM.Collect$$libinit$$0000000F  c_wu.l(libinit2.o)
    0x00000350   0x00000350   0x00000000   Code   RO         2036    .ARM.Collect$$libinit$$00000011  c_wu.l(libinit2.o)
    0x00000350   0x00000350   0x0000000c   Code   RO         2037    .ARM.Collect$$libinit$$00000012  c_wu.l(libinit2.o)
    0x0000035c   0x0000035c   0x00000000   Code   RO         2038    .ARM.Collect$$libinit$$00000013  c_wu.l(libinit2.o)
    0x0000035c   0x0000035c   0x00000000   Code   RO         2040    .ARM.Collect$$libinit$$00000015  c_wu.l(libinit2.o)
    0x0000035c   0x0000035c   0x0000000a   Code   RO         2041    .ARM.Collect$$libinit$$00000016  c_wu.l(libinit2.o)
    0x00000366   0x00000366   0x00000000   Code   RO         2042    .ARM.Collect$$libinit$$00000017  c_wu.l(libinit2.o)
    0x00000366   0x00000366   0x00000000   Code   RO         2044    .ARM.Collect$$libinit$$00000019  c_wu.l(libinit2.o)
    0x00000366   0x00000366   0x00000000   Code   RO         2046    .ARM.Collect$$libinit$$0000001B  c_wu.l(libinit2.o)
    0x00000366   0x00000366   0x00000000   Code   RO         2048    .ARM.Collect$$libinit$$0000001D  c_wu.l(libinit2.o)
    0x00000366   0x00000366   0x00000000   Code   RO         2050    .ARM.Collect$$libinit$$0000001F  c_wu.l(libinit2.o)
    0x00000366   0x00000366   0x00000000   Code   RO         2052    .ARM.Collect$$libinit$$00000021  c_wu.l(libinit2.o)
    0x00000366   0x00000366   0x00000000   Code   RO         2054    .ARM.Collect$$libinit$$00000023  c_wu.l(libinit2.o)
    0x00000366   0x00000366   0x00000000   Code   RO         2056    .ARM.Collect$$libinit$$00000025  c_wu.l(libinit2.o)
    0x00000366   0x00000366   0x00000000   Code   RO         2060    .ARM.Collect$$libinit$$0000002C  c_wu.l(libinit2.o)
    0x00000366   0x00000366   0x00000000   Code   RO         2062    .ARM.Collect$$libinit$$0000002E  c_wu.l(libinit2.o)
    0x00000366   0x00000366   0x00000000   Code   RO         2064    .ARM.Collect$$libinit$$00000030  c_wu.l(libinit2.o)
    0x00000366   0x00000366   0x00000000   Code   RO         2066    .ARM.Collect$$libinit$$00000032  c_wu.l(libinit2.o)
    0x00000366   0x00000366   0x00000002   Code   RO         2067    .ARM.Collect$$libinit$$00000033  c_wu.l(libinit2.o)
    0x00000368   0x00000368   0x00000002   Code   RO         2087    .ARM.Collect$$libshutdown$$00000000  c_wu.l(libshutdown.o)
    0x0000036a   0x0000036a   0x00000000   Code   RO         2099    .ARM.Collect$$libshutdown$$00000002  c_wu.l(libshutdown2.o)
    0x0000036a   0x0000036a   0x00000000   Code   RO         2101    .ARM.Collect$$libshutdown$$00000004  c_wu.l(libshutdown2.o)
    0x0000036a   0x0000036a   0x00000000   Code   RO         2104    .ARM.Collect$$libshutdown$$00000007  c_wu.l(libshutdown2.o)
    0x0000036a   0x0000036a   0x00000000   Code   RO         2107    .ARM.Collect$$libshutdown$$0000000A  c_wu.l(libshutdown2.o)
    0x0000036a   0x0000036a   0x00000000   Code   RO         2109    .ARM.Collect$$libshutdown$$0000000C  c_wu.l(libshutdown2.o)
    0x0000036a   0x0000036a   0x00000000   Code   RO         2112    .ARM.Collect$$libshutdown$$0000000F  c_wu.l(libshutdown2.o)
    0x0000036a   0x0000036a   0x00000002   Code   RO         2113    .ARM.Collect$$libshutdown$$00000010  c_wu.l(libshutdown2.o)
    0x0000036c   0x0000036c   0x00000000   Code   RO         1807    .ARM.Collect$$rtentry$$00000000  c_wu.l(__rtentry.o)
    0x0000036c   0x0000036c   0x00000000   Code   RO         1922    .ARM.Collect$$rtentry$$00000002  c_wu.l(__rtentry2.o)
    0x0000036c   0x0000036c   0x00000006   Code   RO         1934    .ARM.Collect$$rtentry$$00000004  c_wu.l(__rtentry4.o)
    0x00000372   0x00000372   0x00000000   Code   RO         1924    .ARM.Collect$$rtentry$$00000009  c_wu.l(__rtentry2.o)
    0x00000372   0x00000372   0x00000004   Code   RO         1925    .ARM.Collect$$rtentry$$0000000A  c_wu.l(__rtentry2.o)
    0x00000376   0x00000376   0x00000000   Code   RO         1927    .ARM.Collect$$rtentry$$0000000C  c_wu.l(__rtentry2.o)
    0x00000376   0x00000376   0x00000008   Code   RO         1928    .ARM.Collect$$rtentry$$0000000D  c_wu.l(__rtentry2.o)
    0x0000037e   0x0000037e   0x00000002   Code   RO         2017    .ARM.Collect$$rtexit$$00000000  c_wu.l(rtexit.o)
    0x00000380   0x00000380   0x00000000   Code   RO         2069    .ARM.Collect$$rtexit$$00000002  c_wu.l(rtexit2.o)
    0x00000380   0x00000380   0x00000004   Code   RO         2070    .ARM.Collect$$rtexit$$00000003  c_wu.l(rtexit2.o)
    0x00000384   0x00000384   0x00000006   Code   RO         2071    .ARM.Collect$$rtexit$$00000004  c_wu.l(rtexit2.o)
    0x0000038a   0x0000038a   0x00000002   PAD
    0x0000038c   0x0000038c   0x00000054   Code   RO           21    .text               startup_m460.o
    0x000003e0   0x000003e0   0x00000002   Code   RO         1783    .text               c_wu.l(use_no_semi_2.o)
    0x000003e2   0x000003e2   0x00000002   PAD
    0x000003e4   0x000003e4   0x00000018   Code   RO         1785    .text               c_wu.l(printf.o)
    0x000003fc   0x000003fc   0x0000008a   Code   RO         1795    .text               c_wu.l(rt_memcpy_v6.o)
    0x00000486   0x00000486   0x00000006   Code   RO         1801    .text               c_wu.l(heapauxi.o)
    0x0000048c   0x0000048c   0x00000002   Code   RO         1805    .text               c_wu.l(use_no_semi.o)
    0x0000048e   0x0000048e   0x0000004e   Code   RO         1815    .text               c_wu.l(_printf_pad.o)
    0x000004dc   0x000004dc   0x00000024   Code   RO         1817    .text               c_wu.l(_printf_truncate.o)
    0x00000500   0x00000500   0x00000052   Code   RO         1819    .text               c_wu.l(_printf_str.o)
    0x00000552   0x00000552   0x00000002   PAD
    0x00000554   0x00000554   0x00000078   Code   RO         1821    .text               c_wu.l(_printf_dec.o)
    0x000005cc   0x000005cc   0x00000028   Code   RO         1823    .text               c_wu.l(_printf_charcount.o)
    0x000005f4   0x000005f4   0x00000030   Code   RO         1825    .text               c_wu.l(_printf_char_common.o)
    0x00000624   0x00000624   0x00000024   Code   RO         1829    .text               c_wu.l(_printf_char_file.o)
    0x00000648   0x00000648   0x000000bc   Code   RO         1831    .text               c_wu.l(_printf_wctomb.o)
    0x00000704   0x00000704   0x0000007c   Code   RO         1834    .text               c_wu.l(_printf_longlong_dec.o)
    0x00000780   0x00000780   0x00000070   Code   RO         1840    .text               c_wu.l(_printf_oct_int_ll.o)
    0x000007f0   0x000007f0   0x00000094   Code   RO         1860    .text               c_wu.l(_printf_hex_int_ll_ptr.o)
    0x00000884   0x00000884   0x00000188   Code   RO         1880    .text               c_wu.l(__printf_flags_ss_wp.o)
    0x00000a0c   0x00000a0c   0x00000064   Code   RO         1908    .text               c_wu.l(rt_memcpy_w.o)
    0x00000a70   0x00000a70   0x00000008   Code   RO         1918    .text               c_wu.l(libspace.o)
    0x00000a78   0x00000a78   0x00000010   Code   RO         1936    .text               c_wu.l(rt_ctype_table.o)
    0x00000a88   0x00000a88   0x0000008a   Code   RO         1938    .text               c_wu.l(lludiv10.o)
    0x00000b12   0x00000b12   0x000000b2   Code   RO         1940    .text               c_wu.l(_printf_intcommon.o)
    0x00000bc4   0x00000bc4   0x0000041c   Code   RO         1942    .text               c_wu.l(_printf_fp_dec.o)
    0x00000fe0   0x00000fe0   0x000002fc   Code   RO         1946    .text               c_wu.l(_printf_fp_hex.o)
    0x000012dc   0x000012dc   0x0000002c   Code   RO         1951    .text               c_wu.l(_printf_char.o)
    0x00001308   0x00001308   0x0000002c   Code   RO         1953    .text               c_wu.l(_printf_wchar.o)
    0x00001334   0x00001334   0x00000048   Code   RO         1958    .text               c_wu.l(_c32rtomb.o)
    0x0000137c   0x0000137c   0x0000004a   Code   RO         1960    .text               c_wu.l(sys_stackheap_outer.o)
    0x000013c6   0x000013c6   0x00000002   PAD
    0x000013c8   0x000013c8   0x00000008   Code   RO         1965    .text               c_wu.l(rt_locale_intlibspace.o)
    0x000013d0   0x000013d0   0x00000080   Code   RO         1967    .text               c_wu.l(_printf_fp_infnan.o)
    0x00001450   0x00001450   0x000000e4   Code   RO         1971    .text               c_wu.l(bigflt0.o)
    0x00001534   0x00001534   0x00000012   Code   RO         2004    .text               c_wu.l(exit.o)
    0x00001546   0x00001546   0x00000002   PAD
    0x00001548   0x00001548   0x0000007c   Code   RO         2021    .text               c_wu.l(strcmpv7em.o)
    0x000015c4   0x000015c4   0x00000062   Code   RO           64    .text.CLK_EnableModuleClock  clk.o
    0x00001626   0x00001626   0x00000002   PAD
    0x00001628   0x00001628   0x0000022a   Code   RO           52    .text.CLK_EnablePLL  clk.o
    0x00001852   0x00001852   0x00000002   PAD
    0x00001854   0x00001854   0x00000018   Code   RO           60    .text.CLK_EnableXtalRC  clk.o
    0x0000186c   0x0000186c   0x00000012   Code   RO           44    .text.CLK_GetHCLKFreq  clk.o
    0x0000187e   0x0000187e   0x00000002   PAD
    0x00001880   0x00001880   0x0000002a   Code   RO           36    .text.CLK_GetHXTFreq  clk.o
    0x000018aa   0x000018aa   0x00000002   PAD
    0x000018ac   0x000018ac   0x000000d2   Code   RO           40    .text.CLK_GetPCLK0Freq  clk.o
    0x0000197e   0x0000197e   0x00000002   PAD
    0x00001980   0x00001980   0x000000d4   Code   RO           42    .text.CLK_GetPCLK1Freq  clk.o
    0x00001a54   0x00001a54   0x000000ac   Code   RO           82    .text.CLK_GetPLLClockFreq  clk.o
    0x00001b00   0x00001b00   0x000000e6   Code   RO           48    .text.CLK_SetCoreClock  clk.o
    0x00001be6   0x00001be6   0x00000002   PAD
    0x00001be8   0x00001be8   0x00000280   Code   RO           54    .text.CLK_SetHCLK   clk.o
    0x00001e68   0x00001e68   0x0000031c   Code   RO           56    .text.CLK_SetModuleClock  clk.o
    0x00002184   0x00002184   0x0000005a   Code   RO          757    .text.CLK_SysTickDelay  main.o
    0x000021de   0x000021de   0x00000002   PAD
    0x000021e0   0x000021e0   0x00000044   Code   RO           50    .text.CLK_WaitClockReady  clk.o
    0x00002224   0x00002224   0x0000001e   Code   RO          751    .text.EMAC0_IRQHandler  main.o
    0x00002242   0x00002242   0x00000002   PAD
    0x00002244   0x00002244   0x00000054   Code   RO          447    .text.HSUSBD_ClearStall  hsusbd.o
    0x00002298   0x00002298   0x0000008e   Code   RO          952    .text.HSUSBD_ConfigEp  hsusb_mouse.o
    0x00002326   0x00002326   0x00000002   PAD
    0x00002328   0x00002328   0x000000f4   Code   RO          449    .text.HSUSBD_CtrlIn  hsusbd.o
    0x0000241c   0x0000241c   0x00000476   Code   RO          437    .text.HSUSBD_GetDescriptor  hsusbd.o
    0x00002892   0x00002892   0x00000002   PAD
    0x00002894   0x00002894   0x0000005c   Code   RO          441    .text.HSUSBD_GetStall  hsusbd.o
    0x000028f0   0x000028f0   0x00000022   Code   RO          439    .text.HSUSBD_PrepareCtrlIn  hsusbd.o
    0x00002912   0x00002912   0x00000002   PAD
    0x00002914   0x00002914   0x000000b4   Code   RO          433    .text.HSUSBD_ProcessSetupPacket  hsusbd.o
    0x000029c8   0x000029c8   0x0000001c   Code   RO          948    .text.HSUSBD_ResetDMA  hsusb_mouse.o
    0x000029e4   0x000029e4   0x00000064   Code   RO          938    .text.HSUSBD_SetEpBufAddr  hsusb_mouse.o
    0x00002a48   0x00002a48   0x0000007a   Code   RO          445    .text.HSUSBD_SetStall  hsusbd.o
    0x00002ac2   0x00002ac2   0x00000002   PAD
    0x00002ac4   0x00002ac4   0x00000400   Code   RO          435    .text.HSUSBD_StandardRequest  hsusbd.o
    0x00002ec4   0x00002ec4   0x00000036   Code   RO          453    .text.HSUSBD_SwReset  hsusbd.o
    0x00002efa   0x00002efa   0x00000002   PAD
    0x00002efc   0x00002efc   0x000001ac   Code   RO          443    .text.HSUSBD_UpdateDeviceState  hsusbd.o
    0x000030a8   0x000030a8   0x00000082   Code   RO          316    .text.I2C_Open      i2c.o
    0x0000312a   0x0000312a   0x00000002   PAD
    0x0000312c   0x0000312c   0x000001c8   Code   RO          388    .text.I2C_ReadByteOneReg  i2c.o
    0x000032f4   0x000032f4   0x0000017c   Code   RO          376    .text.I2C_WriteByteOneReg  i2c.o
    0x00003470   0x00003470   0x0000004e   Code   RO         1029    .text.Init_MPU6500  mpu6500.o
    0x000034be   0x000034be   0x00000002   PAD
    0x000034c0   0x000034c0   0x00000032   Code   RO         1031    .text.MPU6500_low_levle_init  mpu6500.o
    0x000034f2   0x000034f2   0x00000002   PAD
    0x000034f4   0x000034f4   0x00000116   Code   RO         1035    .text.MPU6500_readXYZ_mg  mpu6500.o
    0x0000360a   0x0000360a   0x00000002   PAD
    0x0000360c   0x0000360c   0x0000018e   Code   RO         1033    .text.MPU6500_test  mpu6500.o
    0x0000379a   0x0000379a   0x00000002   PAD
    0x0000379c   0x0000379c   0x00000102   Code   RO          851    .text.PDMA0_IRQHandler  audio.o
    0x0000389e   0x0000389e   0x00000002   PAD
    0x000038a0   0x000038a0   0x00000062   Code   RO          559    .text.PDMA_EnableInt  pdma.o
    0x00003902   0x00003902   0x00000002   PAD
    0x00003904   0x00003904   0x00000054   Code   RO          535    .text.PDMA_Open     pdma.o
    0x00003958   0x00003958   0x00000030   Code   RO          549    .text.PDMA_SetBurstType  pdma.o
    0x00003988   0x00003988   0x00000050   Code   RO          545    .text.PDMA_SetTransferAddr  pdma.o
    0x000039d8   0x000039d8   0x0000003c   Code   RO          539    .text.PDMA_SetTransferCnt  pdma.o
    0x00003a14   0x00003a14   0x00000204   Code   RO          547    .text.PDMA_SetTransferMode  pdma.o
    0x00003c18   0x00003c18   0x000002de   Code   RO          179    .text.ProcessHardFault  retarget.o
    0x00003ef6   0x00003ef6   0x00000002   PAD
    0x00003ef8   0x00003ef8   0x00000184   Code   RO          753    .text.SDH0_IRQHandler  main.o
    0x0000407c   0x0000407c   0x000000d4   Code   RO          499    .text.SDH_CardDetection  sdh.o
    0x00004150   0x00004150   0x00000094   Code   RO          483    .text.SDH_CheckRB   sdh.o
    0x000041e4   0x000041e4   0x00000212   Code   RO          507    .text.SDH_Get_SD_info  sdh.o
    0x000043f6   0x000043f6   0x00000002   PAD
    0x000043f8   0x000043f8   0x000003ce   Code   RO          501    .text.SDH_Init      sdh.o
    0x000047c6   0x000047c6   0x00000002   PAD
    0x000047c8   0x000047c8   0x000001a2   Code   RO          509    .text.SDH_Open      sdh.o
    0x0000496a   0x0000496a   0x00000002   PAD
    0x0000496c   0x0000496c   0x000000d8   Code   RO          513    .text.SDH_Probe     sdh.o
    0x00004a44   0x00004a44   0x00000184   Code   RO          487    .text.SDH_SDCmdAndRsp  sdh.o
    0x00004bc8   0x00004bc8   0x00000136   Code   RO          491    .text.SDH_SDCmdAndRsp2  sdh.o
    0x00004cfe   0x00004cfe   0x00000002   PAD
    0x00004d00   0x00004d00   0x0000013e   Code   RO          493    .text.SDH_SDCmdAndRspDataIn  sdh.o
    0x00004e3e   0x00004e3e   0x00000002   PAD
    0x00004e40   0x00004e40   0x000000b4   Code   RO          485    .text.SDH_SDCommand  sdh.o
    0x00004ef4   0x00004ef4   0x000002e4   Code   RO          505    .text.SDH_SelectCardType  sdh.o
    0x000051d8   0x000051d8   0x0000035a   Code   RO          495    .text.SDH_Set_clock  sdh.o
    0x00005532   0x00005532   0x00000002   PAD
    0x00005534   0x00005534   0x0000003c   Code   RO          489    .text.SDH_Swap32    sdh.o
    0x00005570   0x00005570   0x00000144   Code   RO          503    .text.SDH_SwitchToHighSpeed  sdh.o
    0x000056b4   0x000056b4   0x00000046   Code   RO            6    .text.SYS_UnlockReg  system_m460.o
    0x000056fa   0x000056fa   0x00000002   PAD
    0x000056fc   0x000056fc   0x00000046   Code   RO          497    .text.SYS_UnlockReg  sdh.o
    0x00005742   0x00005742   0x00000002   PAD
    0x00005744   0x00005744   0x00000046   Code   RO          755    .text.SYS_UnlockReg  main.o
    0x0000578a   0x0000578a   0x00000002   PAD
    0x0000578c   0x0000578c   0x00000010   Code   RO          185    .text.SendChar      retarget.o
    0x0000579c   0x0000579c   0x00000050   Code   RO          183    .text.SendChar_ToUART  retarget.o
    0x000057ec   0x000057ec   0x00000010   Code   RO          749    .text.SysTick_Handler  main.o
    0x000057fc   0x000057fc   0x00000096   Code   RO            2    .text.SystemCoreClockUpdate  system_m460.o
    0x00005892   0x00005892   0x00000002   PAD
    0x00005894   0x00005894   0x00000036   Code   RO            4    .text.SystemInit    system_m460.o
    0x000058ca   0x000058ca   0x00000002   PAD
    0x000058cc   0x000058cc   0x0000000e   Code   RO          735    .text.TIMER_ClearIntFlag  main.o
    0x000058da   0x000058da   0x00000002   PAD
    0x000058dc   0x000058dc   0x00000012   Code   RO          759    .text.TIMER_EnableInt  main.o
    0x000058ee   0x000058ee   0x00000002   PAD
    0x000058f0   0x000058f0   0x000000fc   Code   RO          660    .text.TIMER_GetModuleClock  timer.o
    0x000059ec   0x000059ec   0x00000072   Code   RO          658    .text.TIMER_Open    timer.o
    0x00005a5e   0x00005a5e   0x00000002   PAD
    0x00005a60   0x00005a60   0x00000012   Code   RO          763    .text.TIMER_Start   main.o
    0x00005a72   0x00005a72   0x00000002   PAD
    0x00005a74   0x00005a74   0x00000012   Code   RO          733    .text.TMR0_IRQHandler  main.o
    0x00005a86   0x00005a86   0x00000002   PAD
    0x00005a88   0x00005a88   0x000002c4   Code   RO          151    .text.UART_Open     uart.o
    0x00005d4c   0x00005d4c   0x00000668   Code   RO          946    .text.USBD20_IRQHandler  hsusb_mouse.o
    0x000063b4   0x000063b4   0x0000015c   Code   RO          279    .text.USBD_CtrlIn   usbd.o
    0x00006510   0x00006510   0x0000009c   Code   RO          281    .text.USBD_CtrlOut  usbd.o
    0x000065ac   0x000065ac   0x00000328   Code   RO          269    .text.USBD_GetDescriptor  usbd.o
    0x000068d4   0x000068d4   0x00000062   Code   RO          275    .text.USBD_GetStall  usbd.o
    0x00006936   0x00006936   0x00000002   PAD
    0x00006938   0x00006938   0x0000027a   Code   RO          897    .text.USBD_IRQHandler  fsusb_mouse.o
    0x00006bb2   0x00006bb2   0x00000002   PAD
    0x00006bb4   0x00006bb4   0x00000030   Code   RO          263    .text.USBD_MemCopy  usbd.o
    0x00006be4   0x00006be4   0x000000dc   Code   RO          271    .text.USBD_PrepareCtrlIn  usbd.o
    0x00006cc0   0x00006cc0   0x00000042   Code   RO          273    .text.USBD_PrepareCtrlOut  usbd.o
    0x00006d02   0x00006d02   0x00000002   PAD
    0x00006d04   0x00006d04   0x000000a4   Code   RO          265    .text.USBD_ProcessSetupPacket  usbd.o
    0x00006da8   0x00006da8   0x0000006a   Code   RO          277    .text.USBD_SetStall  usbd.o
    0x00006e12   0x00006e12   0x00000002   PAD
    0x00006e14   0x00006e14   0x0000050e   Code   RO          267    .text.USBD_StandardRequest  usbd.o
    0x00007322   0x00007322   0x00000002   PAD
    0x00007324   0x00007324   0x000000b8   Code   RO          283    .text.USBD_SwReset  usbd.o
    0x000073dc   0x000073dc   0x0000002a   Code   RO          511    .text.__NVIC_EnableIRQ  sdh.o
    0x00007406   0x00007406   0x00000002   PAD
    0x00007408   0x00007408   0x0000002a   Code   RO          761    .text.__NVIC_EnableIRQ  main.o
    0x00007432   0x00007432   0x00000002   PAD
    0x00007434   0x00007434   0x00000008   Code   RO          177    .text._sys_exit     retarget.o
    0x0000743c   0x0000743c   0x0000002c   Code   RO          741    .text.debug_port_init  main.o
    0x00007468   0x00007468   0x0000000c   Code   RO          199    .text.ferror        retarget.o
    0x00007474   0x00007474   0x00000014   Code   RO          195    .text.fputc         retarget.o
    0x00007488   0x00007488   0x0000000e   Code   RO          899    .text.fsusb_ep2_handler  fsusb_mouse.o
    0x00007496   0x00007496   0x00000002   PAD
    0x00007498   0x00007498   0x0000002e   Code   RO          950    .text.hsusb_endpoint_setup_for_fs  hsusb_mouse.o
    0x000074c6   0x000074c6   0x00000002   PAD
    0x000074c8   0x000074c8   0x0000002e   Code   RO          940    .text.hsusb_endpoint_setup_for_hs  hsusb_mouse.o
    0x000074f6   0x000074f6   0x00000002   PAD
    0x000074f8   0x000074f8   0x0000002c   Code   RO          743    .text.imu_timer_run  main.o
    0x00007524   0x00007524   0x00000088   Code   RO          737    .text.main          main.o
    0x000075ac   0x000075ac   0x0000002e   Code   RO          745    .text.plat_delay    main.o
    0x000075da   0x000075da   0x00000002   PAD
    0x000075dc   0x000075dc   0x00000270   Code   RO         1739    .text.synopGMAC0_intr_handler  synopgmac_network_interface.o
    0x0000784c   0x0000784c   0x00000028   Code   RO         1357    .text.synopGMACClearBits  synopgmac_dev.o
    0x00007874   0x00007874   0x0000001a   Code   RO         1333    .text.synopGMACReadReg  synopgmac_dev.o
    0x0000788e   0x0000788e   0x00000002   PAD
    0x00007890   0x00007890   0x0000001a   Code   RO         1741    .text.synopGMACReadReg  synopgmac_network_interface.o
    0x000078aa   0x000078aa   0x00000002   PAD
    0x000078ac   0x000078ac   0x00000028   Code   RO         1361    .text.synopGMACSetBits  synopgmac_dev.o
    0x000078d4   0x000078d4   0x0000002a   Code   RO         1335    .text.synopGMACWriteReg  synopgmac_dev.o
    0x000078fe   0x000078fe   0x00000002   PAD
    0x00007900   0x00007900   0x0000002a   Code   RO         1743    .text.synopGMACWriteReg  synopgmac_network_interface.o
    0x0000792a   0x0000792a   0x00000002   PAD
    0x0000792c   0x0000792c   0x00000012   Code   RO         1613    .text.synopGMAC_ES_is_IP_header_error  synopgmac_dev.o
    0x0000793e   0x0000793e   0x00000002   PAD
    0x00007940   0x00007940   0x00000012   Code   RO         1617    .text.synopGMAC_ES_is_IP_payload_error  synopgmac_dev.o
    0x00007952   0x00007952   0x00000002   PAD
    0x00007954   0x00007954   0x00000012   Code   RO         1615    .text.synopGMAC_ES_is_rx_checksum_bypassed  synopgmac_dev.o
    0x00007966   0x00007966   0x00000002   PAD
    0x00007968   0x00007968   0x00000036   Code   RO         1401    .text.synopGMAC_back_off_limit  synopgmac_dev.o
    0x0000799e   0x0000799e   0x00000002   PAD
    0x000079a0   0x000079a0   0x00000016   Code   RO         1437    .text.synopGMAC_broadcast_enable  synopgmac_dev.o
    0x000079b6   0x000079b6   0x00000002   PAD
    0x000079b8   0x000079b8   0x00000016   Code   RO         1405    .text.synopGMAC_deferral_check_disable  synopgmac_dev.o
    0x000079ce   0x000079ce   0x00000002   PAD
    0x000079d0   0x000079d0   0x0000002c   Code   RO         1577    .text.synopGMAC_disable_dma_rx  synopgmac_dev.o
    0x000079fc   0x000079fc   0x0000002c   Code   RO         1575    .text.synopGMAC_disable_dma_tx  synopgmac_dev.o
    0x00007a28   0x00007a28   0x00000016   Code   RO         1549    .text.synopGMAC_disable_interrupt_all  synopgmac_dev.o
    0x00007a3e   0x00007a3e   0x00000002   PAD
    0x00007a40   0x00007a40   0x0000001c   Code   RO         1351    .text.synopGMAC_dma_bus_mode_init  synopgmac_dev.o
    0x00007a5c   0x00007a5c   0x0000001a   Code   RO         1353    .text.synopGMAC_dma_control_init  synopgmac_dev.o
    0x00007a76   0x00007a76   0x00000002   PAD
    0x00007a78   0x00007a78   0x00000016   Code   RO         1433    .text.synopGMAC_dst_addr_filter_normal  synopgmac_dev.o
    0x00007a8e   0x00007a8e   0x00000002   PAD
    0x00007a90   0x00007a90   0x0000002c   Code   RO         1553    .text.synopGMAC_enable_dma_rx  synopgmac_dev.o
    0x00007abc   0x00007abc   0x0000002c   Code   RO         1555    .text.synopGMAC_enable_dma_tx  synopgmac_dev.o
    0x00007ae8   0x00007ae8   0x00000018   Code   RO         1547    .text.synopGMAC_enable_interrupt  synopgmac_dev.o
    0x00007b00   0x00007b00   0x00000018   Code   RO         1367    .text.synopGMAC_frame_burst_enable  synopgmac_dev.o
    0x00007b18   0x00007b18   0x00000018   Code   RO         1415    .text.synopGMAC_frame_filter_enable  synopgmac_dev.o
    0x00007b30   0x00007b30   0x000000c0   Code   RO         1545    .text.synopGMAC_get_interrupt_type  synopgmac_dev.o
    0x00007bf0   0x00007bf0   0x0000000e   Code   RO         1497    .text.synopGMAC_get_rx_desc_frame_length  synopgmac_dev.o
    0x00007bfe   0x00007bfe   0x00000002   PAD
    0x00007c00   0x00007c00   0x00000120   Code   RO         1541    .text.synopGMAC_get_rx_qptr  synopgmac_dev.o
    0x00007d20   0x00007d20   0x0000000e   Code   RO         1509    .text.synopGMAC_get_tx_collision_count  synopgmac_dev.o
    0x00007d2e   0x00007d2e   0x00000002   PAD
    0x00007d30   0x00007d30   0x00000118   Code   RO         1527    .text.synopGMAC_get_tx_qptr  synopgmac_dev.o
    0x00007e48   0x00007e48   0x00000016   Code   RO         1491    .text.synopGMAC_init_rx_desc_base  synopgmac_dev.o
    0x00007e5e   0x00007e5e   0x00000002   PAD
    0x00007e60   0x00007e60   0x00000016   Code   RO         1493    .text.synopGMAC_init_tx_desc_base  synopgmac_dev.o
    0x00007e76   0x00007e76   0x00000002   PAD
    0x00007e78   0x00007e78   0x00000088   Code   RO         1489    .text.synopGMAC_init_tx_rx_desc_queue  synopgmac_dev.o
    0x00007f00   0x00007f00   0x0000002e   Code   RO         1501    .text.synopGMAC_is_desc_empty  synopgmac_dev.o
    0x00007f2e   0x00007f2e   0x00000002   PAD
    0x00007f30   0x00007f30   0x0000000e   Code   RO         1495    .text.synopGMAC_is_desc_owned_by_dma  synopgmac_dev.o
    0x00007f3e   0x00007f3e   0x00000002   PAD
    0x00007f40   0x00007f40   0x00000012   Code   RO         1499    .text.synopGMAC_is_desc_valid  synopgmac_dev.o
    0x00007f52   0x00007f52   0x00000002   PAD
    0x00007f54   0x00007f54   0x00000010   Code   RO         1611    .text.synopGMAC_is_ext_status  synopgmac_dev.o
    0x00007f64   0x00007f64   0x00000010   Code   RO         1523    .text.synopGMAC_is_last_rx_desc  synopgmac_dev.o
    0x00007f74   0x00007f74   0x00000012   Code   RO         1525    .text.synopGMAC_is_last_tx_desc  synopgmac_dev.o
    0x00007f86   0x00007f86   0x00000002   PAD
    0x00007f88   0x00007f88   0x0000001e   Code   RO         1599    .text.synopGMAC_is_magic_packet_received  synopgmac_dev.o
    0x00007fa6   0x00007fa6   0x00000002   PAD
    0x00007fa8   0x00007fa8   0x0000012a   Code   RO         1619    .text.synopGMAC_is_rx_checksum_error  synopgmac_dev.o
    0x000080d2   0x000080d2   0x00000002   PAD
    0x000080d4   0x000080d4   0x00000016   Code   RO         1505    .text.synopGMAC_is_tx_aborted  synopgmac_dev.o
    0x000080ea   0x000080ea   0x00000002   PAD
    0x000080ec   0x000080ec   0x00000016   Code   RO         1507    .text.synopGMAC_is_tx_carrier_error  synopgmac_dev.o
    0x00008102   0x00008102   0x00000002   PAD
    0x00008104   0x00008104   0x00000012   Code   RO         1621    .text.synopGMAC_is_tx_ipv4header_checksum_error  synopgmac_dev.o
    0x00008116   0x00008116   0x00000002   PAD
    0x00008118   0x00008118   0x00000012   Code   RO         1623    .text.synopGMAC_is_tx_payload_checksum_error  synopgmac_dev.o
    0x0000812a   0x0000812a   0x00000002   PAD
    0x0000812c   0x0000812c   0x0000001e   Code   RO         1601    .text.synopGMAC_is_wakeup_frame_received  synopgmac_dev.o
    0x0000814a   0x0000814a   0x00000002   PAD
    0x0000814c   0x0000814c   0x00000018   Code   RO         1363    .text.synopGMAC_jab_enable  synopgmac_dev.o
    0x00008164   0x00008164   0x00000018   Code   RO         1373    .text.synopGMAC_jumbo_frame_disable  synopgmac_dev.o
    0x0000817c   0x0000817c   0x00000018   Code   RO         1387    .text.synopGMAC_loopback_off  synopgmac_dev.o
    0x00008194   0x00008194   0x000001be   Code   RO         1477    .text.synopGMAC_mac_init  synopgmac_dev.o
    0x00008352   0x00008352   0x00000002   PAD
    0x00008354   0x00008354   0x00000016   Code   RO         1443    .text.synopGMAC_multicast_disable  synopgmac_dev.o
    0x0000836a   0x0000836a   0x00000002   PAD
    0x0000836c   0x0000836c   0x00000016   Code   RO         1447    .text.synopGMAC_multicast_hash_filter_disable  synopgmac_dev.o
    0x00008382   0x00008382   0x00000002   PAD
    0x00008384   0x00008384   0x00000016   Code   RO         1399    .text.synopGMAC_pad_crc_strip_disable  synopgmac_dev.o
    0x0000839a   0x0000839a   0x00000002   PAD
    0x0000839c   0x0000839c   0x00000016   Code   RO         1581    .text.synopGMAC_pmt_int_disable  synopgmac_dev.o
    0x000083b2   0x000083b2   0x00000002   PAD
    0x000083b4   0x000083b4   0x0000004c   Code   RO         1745    .text.synopGMAC_powerup_mac  synopgmac_network_interface.o
    0x00008400   0x00008400   0x00000016   Code   RO         1451    .text.synopGMAC_promisc_disable  synopgmac_dev.o
    0x00008416   0x00008416   0x00000002   PAD
    0x00008418   0x00008418   0x0000003e   Code   RO         1347    .text.synopGMAC_reset  synopgmac_dev.o
    0x00008456   0x00008456   0x00000002   PAD
    0x00008458   0x00008458   0x00000016   Code   RO         1567    .text.synopGMAC_resume_dma_rx  synopgmac_dev.o
    0x0000846e   0x0000846e   0x00000002   PAD
    0x00008470   0x00008470   0x00000018   Code   RO         1393    .text.synopGMAC_retry_enable  synopgmac_dev.o
    0x00008488   0x00008488   0x00000026   Code   RO         1485    .text.synopGMAC_rx_desc_init_ring  synopgmac_dev.o
    0x000084ae   0x000084ae   0x00000002   PAD
    0x000084b0   0x000084b0   0x00000016   Code   RO         1407    .text.synopGMAC_rx_enable  synopgmac_dev.o
    0x000084c6   0x000084c6   0x00000002   PAD
    0x000084c8   0x000084c8   0x00000016   Code   RO         1463    .text.synopGMAC_rx_flow_control_disable  synopgmac_dev.o
    0x000084de   0x000084de   0x00000002   PAD
    0x000084e0   0x000084e0   0x00000016   Code   RO         1461    .text.synopGMAC_rx_flow_control_enable  synopgmac_dev.o
    0x000084f6   0x000084f6   0x00000002   PAD
    0x000084f8   0x000084f8   0x00000018   Code   RO         1381    .text.synopGMAC_rx_own_enable  synopgmac_dev.o
    0x00008510   0x00008510   0x00000018   Code   RO         1377    .text.synopGMAC_select_gmii  synopgmac_dev.o
    0x00008528   0x00008528   0x00000018   Code   RO         1379    .text.synopGMAC_select_mii  synopgmac_dev.o
    0x00008540   0x00008540   0x00000018   Code   RO         1389    .text.synopGMAC_set_full_duplex  synopgmac_dev.o
    0x00008558   0x00008558   0x00000018   Code   RO         1391    .text.synopGMAC_set_half_duplex  synopgmac_dev.o
    0x00008570   0x00008570   0x00000036   Code   RO         1481    .text.synopGMAC_set_mac_addr  synopgmac_dev.o
    0x000085a6   0x000085a6   0x00000002   PAD
    0x000085a8   0x000085a8   0x00000036   Code   RO         1435    .text.synopGMAC_set_pass_control  synopgmac_dev.o
    0x000085de   0x000085de   0x00000002   PAD
    0x000085e0   0x000085e0   0x00000018   Code   RO         1429    .text.synopGMAC_src_addr_filter_disable  synopgmac_dev.o
    0x000085f8   0x000085f8   0x0000001a   Code   RO         1569    .text.synopGMAC_take_desc_ownership  synopgmac_dev.o
    0x00008612   0x00008612   0x00000002   PAD
    0x00008614   0x00008614   0x00000038   Code   RO         1571    .text.synopGMAC_take_desc_ownership_rx  synopgmac_dev.o
    0x0000864c   0x0000864c   0x00000038   Code   RO         1573    .text.synopGMAC_take_desc_ownership_tx  synopgmac_dev.o
    0x00008684   0x00008684   0x00000026   Code   RO         1487    .text.synopGMAC_tx_desc_init_ring  synopgmac_dev.o
    0x000086aa   0x000086aa   0x00000002   PAD
    0x000086ac   0x000086ac   0x00000016   Code   RO         1411    .text.synopGMAC_tx_enable  synopgmac_dev.o
    0x000086c2   0x000086c2   0x00000002   PAD
    0x000086c4   0x000086c4   0x00000016   Code   RO         1467    .text.synopGMAC_tx_flow_control_disable  synopgmac_dev.o
    0x000086da   0x000086da   0x00000002   PAD
    0x000086dc   0x000086dc   0x00000016   Code   RO         1465    .text.synopGMAC_tx_flow_control_enable  synopgmac_dev.o
    0x000086f2   0x000086f2   0x00000002   PAD
    0x000086f4   0x000086f4   0x00000016   Code   RO         1455    .text.synopGMAC_unicast_hash_filter_disable  synopgmac_dev.o
    0x0000870a   0x0000870a   0x00000002   PAD
    0x0000870c   0x0000870c   0x00000016   Code   RO         1459    .text.synopGMAC_unicast_pause_frame_detect_disable  synopgmac_dev.o
    0x00008722   0x00008722   0x00000002   PAD
    0x00008724   0x00008724   0x00000018   Code   RO         1355    .text.synopGMAC_wd_enable  synopgmac_dev.o
    0x0000873c   0x0000873c   0x000001ec   Code   RO         1737    .text.synop_handle_received_data  synopgmac_network_interface.o
    0x00008928   0x00008928   0x00000110   Code   RO         1735    .text.synop_handle_transmit_over  synopgmac_network_interface.o
    0x00008a38   0x00008a38   0x00000176   Code   RO          739    .text.sys_init      main.o
    0x00008bae   0x00008bae   0x0000003e   Code   RO         1974    CL$$btod_d2e        c_wu.l(btod.o)
    0x00008bec   0x00008bec   0x00000046   Code   RO         1976    CL$$btod_d2e_denorm_low  c_wu.l(btod.o)
    0x00008c32   0x00008c32   0x00000060   Code   RO         1975    CL$$btod_d2e_norm_op1  c_wu.l(btod.o)
    0x00008c92   0x00008c92   0x00000002   PAD
    0x00008c94   0x00008c94   0x00000338   Code   RO         1984    CL$$btod_div_common  c_wu.l(btod.o)
    0x00008fcc   0x00008fcc   0x000000dc   Code   RO         1981    CL$$btod_e2e        c_wu.l(btod.o)
    0x000090a8   0x000090a8   0x0000002a   Code   RO         1978    CL$$btod_ediv       c_wu.l(btod.o)
    0x000090d2   0x000090d2   0x0000002a   Code   RO         1977    CL$$btod_emul       c_wu.l(btod.o)
    0x000090fc   0x000090fc   0x00000244   Code   RO         1983    CL$$btod_mult_common  c_wu.l(btod.o)
    0x00009340   0x00009340   0x00000030   Code   RO         2015    i.__ARM_fpclassify  m_wm.l(fpclassify.o)
    0x00009370   0x00009370   0x0000000e   Code   RO         1873    i._is_digit         c_wu.l(__printf_wp.o)
    0x0000937e   0x0000937e   0x00000002   PAD
    0x00009380   0x00009380   0x0000002c   Code   RO         1999    locale$$code        c_wu.l(lc_ctype_c.o)
    0x000093ac   0x000093ac   0x0000002c   Code   RO         2002    locale$$code        c_wu.l(lc_numeric_c.o)
    0x000093d8   0x000093d8   0x0000001a   Code   RO         2079    x$fpl$fpinit        fz_wm.l(fpinit.o)
    0x000093f2   0x000093f2   0x00000004   Code   RO         1910    x$fpl$printf1       fz_wm.l(printf1.o)
    0x000093f6   0x000093f6   0x00000004   Code   RO         1912    x$fpl$printf2       fz_wm.l(printf2.o)
    0x000093fa   0x000093fa   0x00000000   Code   RO         2014    x$fpl$usenofp       fz_wm.l(usenofp.o)
    0x000093fa   0x000093fa   0x00000002   PAD
    0x000093fc   0x000093fc   0x00000008   Data   RO         1832    .constdata          c_wu.l(_printf_wctomb.o)
    0x00009404   0x00009404   0x00000028   Data   RO         1861    .constdata          c_wu.l(_printf_hex_int_ll_ptr.o)
    0x0000942c   0x0000942c   0x00000011   Data   RO         1881    .constdata          c_wu.l(__printf_flags_ss_wp.o)
    0x0000943d   0x0000943d   0x00000026   Data   RO         1947    .constdata          c_wu.l(_printf_fp_hex.o)
    0x00009463   0x00009463   0x00000001   PAD
    0x00009464   0x00009464   0x00000094   Data   RO         1972    .constdata          c_wu.l(bigflt0.o)
    0x000094f8   0x000094f8   0x00000014   Data   RO           96    .rodata..L__const.CLK_EnableModuleClock.au32ClkEnTbl  clk.o
    0x0000950c   0x0000950c   0x00000018   Data   RO           95    .rodata..L__const.CLK_SetModuleClock.au32DivTbl  clk.o
    0x00009524   0x00009524   0x00000014   Data   RO           94    .rodata..L__const.CLK_SetModuleClock.au32SelTbl  clk.o
    0x00009538   0x00009538   0x00000030   Data   RO          169    .rodata.cst16       uart.o
    0x00009568   0x00009568   0x00000020   Data   RO          688    .rodata.cst32       timer.o
    0x00009588   0x00009588   0x00017050   Data   RO          831    .rodata.sound       sound.o
    0x000205d8   0x000205d8   0x00000112   Data   RO          201    .rodata.str1.1      retarget.o
    0x000206ea   0x000206ea   0x0000013c   Data   RO          765    .rodata.str1.1      main.o
    0x00020826   0x00020826   0x0000005c   Data   RO         1038    .rodata.str1.1      mpu6500.o
    0x00020882   0x00020882   0x00000033   Data   RO         1771    .rodata.str1.1      synopgmac_network_interface.o
    0x000208b5   0x000208b5   0x00000003   PAD
    0x000208b8   0x000208b8   0x00000020   Data   RO         2144    Region$$Table       anon$$obj.o
    0x000208d8   0x000208d8   0x00000110   Data   RO         1998    locale$$data        c_wu.l(lc_ctype_c.o)
    0x000209e8   0x000209e8   0x0000001c   Data   RO         2001    locale$$data        c_wu.l(lc_numeric_c.o)


    Execution Region RW_IRAM1 (Exec base: 0x20000000, Load base: 0x00020a40, Size: 0x00002050, Max: 0x00080000, ABSOLUTE)

    Exec Addr    Load Addr    Size         Type   Attr      Idx    E Section Name        Object

    0x20000000   0x00020a40   0x00000004   Data   RW          767    .ARM.use_no_argv    main.o
    0x20000004   0x00020a44   0x00000004   Data   RW            9    .data.CyclesPerUs   system_m460.o
    0x20000008   0x00020a48   0x00000004   Data   RW           10    .data.PllClock      system_m460.o
    0x2000000c   0x00020a4c   0x00000004   Data   RW            8    .data.SystemCoreClock  system_m460.o
    0x20000010   0x00020a50   0x00000004   Data   RW          468    .data.g_hsusbd_CtrlMaxPktSize  hsusbd.o
    0x20000014   0x00020a54   0x00000004   Data   RW          299    .data.g_usbd_CtrlMaxPktSize  usbd.o
    0x20000018   0x00020a58   0x00000020   Data   RW           11    .data.gau32ClkSrcTbl  system_m460.o
    0x20000038   0x00020a78   0x00000006   Data   RW         1763    .data.mac_addr0     synopgmac_network_interface.o
    0x2000003e   0x00020a7e   0x00000006   Data   RW         1764    .data.mac_addr1     synopgmac_network_interface.o
    0x20000044   0x00020a84   0x00000004   Data   RW          859    .data.sound_size    audio.o
    0x20000048   0x00020a88   0x00000038   PAD
    0x20000080        -       0x00000060   Zero   RW         1919    .bss                c_wu.l(libspace.o)
    0x200000e0        -       0x0000000a   Zero   RW         1039    .bss.BUF            mpu6500.o
    0x200000ea   0x00020a88   0x00000002   PAD
    0x200000ec        -       0x00000004   Zero   RW         1772    .bss.GMAC_Power_down  synopgmac_network_interface.o
    0x200000f0        -       0x000000c4   Zero   RW         1767    .bss.GMACdev        synopgmac_network_interface.o
    0x200001b4        -       0x00000004   Zero   RW         1770    .bss.LPIReg         synopgmac_network_interface.o
    0x200001b8        -       0x00000004   Zero   RW         1769    .bss.LPIStsChange   synopgmac_network_interface.o
    0x200001bc        -       0x0000001c   Zero   RW          520    .bss.SD0            sdh.o
    0x200001d8        -       0x0000001c   Zero   RW          521    .bss.SD1            sdh.o
    0x200001f4        -       0x00000004   Zero   RW          522    .bss.SDH_Set_clock.u32SD_ClkSrc  sdh.o
    0x200001f8        -       0x00000004   Zero   RW          523    .bss.SDH_Set_clock.u32SD_PwrCtl  sdh.o
    0x200001fc        -       0x00000002   Zero   RW         1040    .bss.T_X            mpu6500.o
    0x200001fe        -       0x00000002   Zero   RW         1041    .bss.T_Y            mpu6500.o
    0x20000200        -       0x00000002   Zero   RW         1042    .bss.T_Z            mpu6500.o
    0x20000202   0x00020a88   0x00000002   PAD
    0x20000204        -       0x00000004   Zero   RW          524    .bss._SDH0_ReferenceClock  sdh.o
    0x20000208        -       0x00000200   Zero   RW          526    .bss._SDH0_ucSDHCBuffer  sdh.o
    0x20000408        -       0x00000004   Zero   RW          525    .bss._SDH1_ReferenceClock  sdh.o
    0x2000040c        -       0x00000200   Zero   RW          527    .bss._SDH1_ucSDHCBuffer  sdh.o
    0x2000060c        -       0x00000054   Zero   RW          202    .bss.__stdout       retarget.o
    0x20000660        -       0x00000010   Zero   RW          563    .bss.au8ChSelect    pdma.o
    0x20000670        -       0x00000008   Zero   RW          469    .bss.gUsbCmd        hsusbd.o
    0x20000678        -       0x00000004   Zero   RW          396    .bss.g_I2C_i32ErrCode  i2c.o
    0x2000067c        -       0x00000004   Zero   RW          519    .bss.g_SDH_i32ErrCode  sdh.o
    0x20000680        -       0x00000001   Zero   RW          461    .bss.g_hsusbd_Configured  hsusbd.o
    0x20000681   0x00020a88   0x00000003   PAD
    0x20000684        -       0x00000004   Zero   RW          470    .bss.g_hsusbd_CtrlInPointer  hsusbd.o
    0x20000688        -       0x00000004   Zero   RW          466    .bss.g_hsusbd_CtrlInSize  hsusbd.o
    0x2000068c        -       0x00000001   Zero   RW          462    .bss.g_hsusbd_CtrlZero  hsusbd.o
    0x2000068d   0x00020a88   0x00000003   PAD
    0x20000690        -       0x00000004   Zero   RW          465    .bss.g_hsusbd_DmaDone  hsusbd.o
    0x20000694        -       0x00000001   Zero   RW          474    .bss.g_hsusbd_EnableTestMode  hsusbd.o
    0x20000695        -       0x00000001   Zero   RW          464    .bss.g_hsusbd_ShortPacket  hsusbd.o
    0x20000696        -       0x00000001   Zero   RW          475    .bss.g_hsusbd_TestSelector  hsusbd.o
    0x20000697        -       0x00000001   Zero   RW          463    .bss.g_hsusbd_UsbAddr  hsusbd.o
    0x20000698        -       0x00000001   Zero   RW          472    .bss.g_hsusbd_UsbAltInterface  hsusbd.o
    0x20000699        -       0x00000001   Zero   RW          471    .bss.g_hsusbd_UsbConfig  hsusbd.o
    0x2000069a        -       0x0000000c   Zero   RW          473    .bss.g_hsusbd_buf   hsusbd.o
    0x200006a6   0x00020a88   0x00000002   PAD
    0x200006a8        -       0x00000004   Zero   RW          458    .bss.g_hsusbd_pfnClassRequest  hsusbd.o
    0x200006ac        -       0x00000004   Zero   RW          459    .bss.g_hsusbd_pfnSetInterface  hsusbd.o
    0x200006b0        -       0x00000004   Zero   RW          457    .bss.g_hsusbd_pfnVendorRequest  hsusbd.o
    0x200006b4        -       0x00000004   Zero   RW          467    .bss.g_hsusbd_sInfo  hsusbd.o
    0x200006b8        -       0x00000004   Zero   RW          297    .bss.g_u32EpStallLock  usbd.o
    0x200006bc        -       0x00000004   Zero   RW          460    .bss.g_u32HsEpStallLock  hsusbd.o
    0x200006c0        -       0x00000001   Zero   RW         1037    .bss.g_u8DeviceAddr  mpu6500.o
    0x200006c1        -       0x00000001   Zero   RW          957    .bss.g_u8EPAReady   hsusb_mouse.o
    0x200006c2        -       0x00000001   Zero   RW          903    .bss.g_u8Suspend    fsusb_mouse.o
    0x200006c3   0x00020a88   0x00000001   PAD
    0x200006c4        -       0x00000004   Zero   RW          301    .bss.g_usbd_CtrlInPointer  usbd.o
    0x200006c8        -       0x00000004   Zero   RW          302    .bss.g_usbd_CtrlInSize  usbd.o
    0x200006cc        -       0x00000001   Zero   RW          300    .bss.g_usbd_CtrlInZeroFlag  usbd.o
    0x200006cd   0x00020a88   0x00000003   PAD
    0x200006d0        -       0x00000004   Zero   RW          306    .bss.g_usbd_CtrlOutPointer  usbd.o
    0x200006d4        -       0x00000004   Zero   RW          307    .bss.g_usbd_CtrlOutSize  usbd.o
    0x200006d8        -       0x00000004   Zero   RW          308    .bss.g_usbd_CtrlOutSizeLimit  usbd.o
    0x200006dc        -       0x00000001   Zero   RW          292    .bss.g_usbd_RemoteWakeupEn  usbd.o
    0x200006dd        -       0x00000008   Zero   RW          291    .bss.g_usbd_SetupPacket  usbd.o
    0x200006e5   0x00020a88   0x00000003   PAD
    0x200006e8        -       0x00000004   Zero   RW          305    .bss.g_usbd_UsbAddr  usbd.o
    0x200006ec        -       0x00000004   Zero   RW          304    .bss.g_usbd_UsbAltInterface  usbd.o
    0x200006f0        -       0x00000004   Zero   RW          303    .bss.g_usbd_UsbConfig  usbd.o
    0x200006f4        -       0x00000004   Zero   RW          294    .bss.g_usbd_pfnClassRequest  usbd.o
    0x200006f8        -       0x00000004   Zero   RW          296    .bss.g_usbd_pfnSetConfigCallback  usbd.o
    0x200006fc        -       0x00000004   Zero   RW          295    .bss.g_usbd_pfnSetInterface  usbd.o
    0x20000700        -       0x00000004   Zero   RW          293    .bss.g_usbd_pfnVendorRequest  usbd.o
    0x20000704        -       0x00000004   Zero   RW          298    .bss.g_usbd_sInfo   usbd.o
    0x20000708        -       0x00000004   Zero   RW          766    .bss.gu32SysTickCnts  main.o
    0x2000070c        -       0x00000004   Zero   RW         1719    .bss.prevtx         synopgmac_dev.o
    0x20000710   0x00020a88   0x00000030   PAD
    0x20000740        -       0x00000808   Zero   RW         1768    .bss.rxbuf          synopgmac_network_interface.o
    0x20000f48        -       0x00000001   Zero   RW          904    .bss.s_u8EP2Ready   fsusb_mouse.o
    0x20000f49   0x00020a88   0x00000007   PAD
    0x20000f50        -       0x00000100   Zero   RW           19    HEAP                startup_m460.o
    0x20001050        -       0x00001000   Zero   RW           18    STACK               startup_m460.o


==============================================================================

Image component sizes


      Code (inc. data)   RO Data    RW Data    ZI Data      Debug   Object Name

       258          0          0          4          0       9986   audio.o
      3064          0         64          0          0      15035   clk.o
       648          0          0          0          2       8597   fsusb_mouse.o
      2002          0          0          0          1       7923   hsusb_mouse.o
      3404        112          0          4         60       7976   hsusbd.o
       966        132          0          0          4      14111   i2c.o
      1348          0        316          4          4      11543   main.o
       804          0         92          0         17       4361   mpu6500.o
       886         16          0          0         16       5654   pdma.o
       870          0        274          0         84       3789   retarget.o
      5788          0          0          0       1100      17252   sdh.o
         0          0      94288          0          0        499   sound.o
        84         32        576          0       4352        952   startup_m460.o
      3582          0          0          0          4      46239   synopgmac_dev.o
      1532          0         51         12       2264      18130   synopgmac_network_interface.o
       274          0          0         44          0       4934   system_m460.o
       366          0         32          0          0       5957   timer.o
       708          0         48          0          0       6623   uart.o
      3492        112          0          4         66       7056   usbd.o

    ----------------------------------------------------------------------
     30270        404      95776         72       8104     196617   Object Totals
         0          0         32          0          0          0   (incl. Generated)
       194          0          3          0        130          0   (incl. Padding)

    ----------------------------------------------------------------------

      Code (inc. data)   RO Data    RW Data    ZI Data      Debug   Library Member Name

         8          0          0          0          0         68   __main.o
       392          4         17          0          0         92   __printf_flags_ss_wp.o
        14          0          0          0          0         68   __printf_wp.o
         0          0          0          0          0          0   __rtentry.o
        12          0          0          0          0          0   __rtentry2.o
         6          0          0          0          0          0   __rtentry4.o
        52          8          0          0          0          0   __scatter.o
        26          0          0          0          0          0   __scatter_copy.o
        28          0          0          0          0          0   __scatter_zi.o
        72          0          0          0          0         96   _c32rtomb.o
         6          0          0          0          0          0   _printf_a.o
         6          0          0          0          0          0   _printf_c.o
        44          0          0          0          0        108   _printf_char.o
        48          6          0          0          0         96   _printf_char_common.o
        36          4          0          0          0         80   _printf_char_file.o
        40          0          0          0          0         68   _printf_charcount.o
         6          0          0          0          0          0   _printf_d.o
       120         16          0          0          0         92   _printf_dec.o
         6          0          0          0          0          0   _printf_e.o
         6          0          0          0          0          0   _printf_f.o
      1052          0          0          0          0        148   _printf_fp_dec.o
       764          8         38          0          0        100   _printf_fp_hex.o
       128         16          0          0          0         84   _printf_fp_infnan.o
         6          0          0          0          0          0   _printf_g.o
       148          4         40          0          0        160   _printf_hex_int_ll_ptr.o
         6          0          0          0          0          0   _printf_i.o
       178          0          0          0          0         88   _printf_intcommon.o
        10          0          0          0          0          0   _printf_l.o
         6          0          0          0          0          0   _printf_lc.o
        10          0          0          0          0          0   _printf_ll.o
         6          0          0          0          0          0   _printf_lld.o
         6          0          0          0          0          0   _printf_lli.o
         6          0          0          0          0          0   _printf_llo.o
         6          0          0          0          0          0   _printf_llu.o
         6          0          0          0          0          0   _printf_llx.o
       124         16          0          0          0         92   _printf_longlong_dec.o
         6          0          0          0          0          0   _printf_ls.o
         6          0          0          0          0          0   _printf_n.o
         6          0          0          0          0          0   _printf_o.o
       112          8          0          0          0        124   _printf_oct_int_ll.o
         6          0          0          0          0          0   _printf_p.o
        78          0          0          0          0        108   _printf_pad.o
         0          0          0          0          0          0   _printf_percent.o
         4          0          0          0          0          0   _printf_percent_end.o
         6          0          0          0          0          0   _printf_s.o
        82          0          0          0          0         80   _printf_str.o
        36          0          0          0          0         84   _printf_truncate.o
         6          0          0          0          0          0   _printf_u.o
        44          0          0          0          0        108   _printf_wchar.o
       188          6          8          0          0         92   _printf_wctomb.o
         6          0          0          0          0          0   _printf_x.o
       228          4        148          0          0         96   bigflt0.o
      1936        128          0          0          0        668   btod.o
        18          0          0          0          0         80   exit.o
         6          0          0          0          0        152   heapauxi.o
        44         10        272          0          0         76   lc_ctype_c.o
        44         10         28          0          0         76   lc_numeric_c.o
         2          0          0          0          0          0   libinit.o
        34          0          0          0          0          0   libinit2.o
         2          0          0          0          0          0   libshutdown.o
         2          0          0          0          0          0   libshutdown2.o
         8          4          0          0         96         68   libspace.o
       138          0          0          0          0         80   lludiv10.o
        24          4          0          0          0         84   printf.o
        16          4          0          0          0         76   rt_ctype_table.o
         8          4          0          0          0         68   rt_locale_intlibspace.o
       138          0          0          0          0         68   rt_memcpy_v6.o
       100          0          0          0          0         80   rt_memcpy_w.o
         2          0          0          0          0          0   rtexit.o
        10          0          0          0          0          0   rtexit2.o
       124          0          0          0          0         88   strcmpv7em.o
        74          0          0          0          0         80   sys_stackheap_outer.o
         2          0          0          0          0         68   use_no_semi.o
         2          0          0          0          0         68   use_no_semi_2.o
        26          0          0          0          0        116   fpinit.o
         4          0          0          0          0        116   printf1.o
         4          0          0          0          0        116   printf2.o
         0          0          0          0          0          0   usenofp.o
        48          0          0          0          0        124   fpclassify.o

    ----------------------------------------------------------------------
      7038        264        552          0         96       4484   Library Totals
        18          0          1          0          0          0   (incl. Padding)

    ----------------------------------------------------------------------

      Code (inc. data)   RO Data    RW Data    ZI Data      Debug   Library Name

      6938        264        551          0         96       4012   c_wu.l
        34          0          0          0          0        348   fz_wm.l
        48          0          0          0          0        124   m_wm.l

    ----------------------------------------------------------------------
      7038        264        552          0         96       4484   Library Totals

    ----------------------------------------------------------------------

==============================================================================


      Code (inc. data)   RO Data    RW Data    ZI Data      Debug   

     37308        668      96328         72       8200     198449   Grand Totals
     37308        668      96328         72       8200     198449   ELF Image Totals
     37308        668      96328         72          0          0   ROM Totals

==============================================================================

    Total RO  Size (Code + RO Data)               133636 ( 130.50kB)
    Total RW  Size (RW Data + ZI Data)              8272 (   8.08kB)
    Total ROM Size (Code + RO Data + RW Data)     133708 ( 130.57kB)

==============================================================================

